[    0.000000] Linux version 4.15.0-36-generic (buildd@lgw01-amd64-031) (gcc version 7.3.0 (Ubuntu 7.3.0-16ubuntu3)) #39-Ubuntu SMP Mon Sep 24 16:19:09 UTC 2018 (Ubuntu 4.15.0-36.39-generic 4.15.18)
[    0.000000] Command line: BOOT_IMAGE=/boot/vmlinuz-4.15.0-36-generic root=UUID=cd7b57e6-c587-11e8-9f1c-0800279a8ffa ro initcall_debug printk.time=1 init=/lib/systemd/systemd-bootchart maybe-ubiquity
[    0.000000] KERNEL supported cpus:
[    0.000000]   Intel GenuineIntel
[    0.000000]   AMD AuthenticAMD
[    0.000000]   Centaur CentaurHauls
[    0.000000] x86/fpu: Supporting XSAVE feature 0x001: 'x87 floating point registers'
[    0.000000] x86/fpu: Supporting XSAVE feature 0x002: 'SSE registers'
[    0.000000] x86/fpu: Supporting XSAVE feature 0x004: 'AVX registers'
[    0.000000] x86/fpu: xstate_offset[2]:  576, xstate_sizes[2]:  256
[    0.000000] x86/fpu: Enabled xstate features 0x7, context size is 832 bytes, using 'standard' format.
[    0.000000] e820: BIOS-provided physical RAM map:
[    0.000000] BIOS-e820: [mem 0x0000000000000000-0x000000000009fbff] usable
[    0.000000] BIOS-e820: [mem 0x000000000009fc00-0x000000000009ffff] reserved
[    0.000000] BIOS-e820: [mem 0x00000000000f0000-0x00000000000fffff] reserved
[    0.000000] BIOS-e820: [mem 0x0000000000100000-0x000000007ffeffff] usable
[    0.000000] BIOS-e820: [mem 0x000000007fff0000-0x000000007fffffff] ACPI data
[    0.000000] BIOS-e820: [mem 0x00000000fec00000-0x00000000fec00fff] reserved
[    0.000000] BIOS-e820: [mem 0x00000000fee00000-0x00000000fee00fff] reserved
[    0.000000] BIOS-e820: [mem 0x00000000fffc0000-0x00000000ffffffff] reserved
[    0.000000] NX (Execute Disable) protection: active
[    0.000000] SMBIOS 2.5 present.
[    0.000000] DMI: innotek GmbH VirtualBox/VirtualBox, BIOS VirtualBox 12/01/2006
[    0.000000] Hypervisor detected: KVM
[    0.000000] e820: update [mem 0x00000000-0x00000fff] usable ==> reserved
[    0.000000] e820: remove [mem 0x000a0000-0x000fffff] usable
[    0.000000] e820: last_pfn = 0x7fff0 max_arch_pfn = 0x400000000
[    0.000000] MTRR default type: uncachable
[    0.000000] MTRR variable ranges disabled:
[    0.000000] MTRR: Disabled
[    0.000000] x86/PAT: MTRRs disabled, skipping PAT initialization too.
[    0.000000] CPU MTRRs all blank - virtualized system.
[    0.000000] x86/PAT: Configuration [0-7]: WB  WT  UC- UC  WB  WT  UC- UC  
[    0.000000] found SMP MP-table at [mem 0x0009fff0-0x0009ffff] mapped at [        (ptrval)]
[    0.000000] Scanning 1 areas for low memory corruption
[    0.000000] Base memory trampoline at [        (ptrval)] 99000 size 24576
[    0.000000] BRK [0x5f33f000, 0x5f33ffff] PGTABLE
[    0.000000] BRK [0x5f340000, 0x5f340fff] PGTABLE
[    0.000000] BRK [0x5f341000, 0x5f341fff] PGTABLE
[    0.000000] BRK [0x5f342000, 0x5f342fff] PGTABLE
[    0.000000] BRK [0x5f343000, 0x5f343fff] PGTABLE
[    0.000000] BRK [0x5f344000, 0x5f344fff] PGTABLE
[    0.000000] RAMDISK: [mem 0x314b9000-0x34a53fff]
[    0.000000] ACPI: Early table checksum verification disabled
[    0.000000] ACPI: RSDP 0x00000000000E0000 000024 (v02 VBOX  )
[    0.000000] ACPI: XSDT 0x000000007FFF0030 00003C (v01 VBOX   VBOXXSDT 00000001 ASL  00000061)
[    0.000000] ACPI: FACP 0x000000007FFF00F0 0000F4 (v04 VBOX   VBOXFACP 00000001 ASL  00000061)
[    0.000000] ACPI: DSDT 0x000000007FFF0470 0021FF (v02 VBOX   VBOXBIOS 00000002 INTL 20100528)
[    0.000000] ACPI: FACS 0x000000007FFF0200 000040
[    0.000000] ACPI: FACS 0x000000007FFF0200 000040
[    0.000000] ACPI: APIC 0x000000007FFF0240 000054 (v02 VBOX   VBOXAPIC 00000001 ASL  00000061)
[    0.000000] ACPI: SSDT 0x000000007FFF02A0 0001CC (v01 VBOX   VBOXCPUT 00000002 INTL 20100528)
[    0.000000] ACPI: Local APIC address 0xfee00000
[    0.000000] No NUMA configuration found
[    0.000000] Faking a node at [mem 0x0000000000000000-0x000000007ffeffff]
[    0.000000] NODE_DATA(0) allocated [mem 0x7ffc5000-0x7ffeffff]
[    0.000000] kvm-clock: cpu 0, msr 0:7ff44001, primary cpu clock
[    0.000000] kvm-clock: Using msrs 4b564d01 and 4b564d00
[    0.000000] kvm-clock: using sched offset of 1595220426239 cycles
[    0.000000] clocksource: kvm-clock: mask: 0xffffffffffffffff max_cycles: 0x1cd42e4dffb, max_idle_ns: 881590591483 ns
[    0.000000] Zone ranges:
[    0.000000]   DMA      [mem 0x0000000000001000-0x0000000000ffffff]
[    0.000000]   DMA32    [mem 0x0000000001000000-0x000000007ffeffff]
[    0.000000]   Normal   empty
[    0.000000]   Device   empty
[    0.000000] Movable zone start for each node
[    0.000000] Early memory node ranges
[    0.000000]   node   0: [mem 0x0000000000001000-0x000000000009efff]
[    0.000000]   node   0: [mem 0x0000000000100000-0x000000007ffeffff]
[    0.000000] Initmem setup node 0 [mem 0x0000000000001000-0x000000007ffeffff]
[    0.000000] On node 0 totalpages: 524174
[    0.000000]   DMA zone: 64 pages used for memmap
[    0.000000]   DMA zone: 21 pages reserved
[    0.000000]   DMA zone: 3998 pages, LIFO batch:0
[    0.000000]   DMA32 zone: 8128 pages used for memmap
[    0.000000]   DMA32 zone: 520176 pages, LIFO batch:31
[    0.000000] Reserved but unavailable: 98 pages
[    0.000000] ACPI: PM-Timer IO Port: 0x4008
[    0.000000] ACPI: Local APIC address 0xfee00000
[    0.000000] IOAPIC[0]: apic_id 1, version 32, address 0xfec00000, GSI 0-23
[    0.000000] ACPI: INT_SRC_OVR (bus 0 bus_irq 0 global_irq 2 dfl dfl)
[    0.000000] ACPI: INT_SRC_OVR (bus 0 bus_irq 9 global_irq 9 low level)
[    0.000000] ACPI: IRQ0 used by override.
[    0.000000] ACPI: IRQ9 used by override.
[    0.000000] Using ACPI (MADT) for SMP configuration information
[    0.000000] smpboot: Allowing 1 CPUs, 0 hotplug CPUs
[    0.000000] PM: Registered nosave memory: [mem 0x00000000-0x00000fff]
[    0.000000] PM: Registered nosave memory: [mem 0x0009f000-0x0009ffff]
[    0.000000] PM: Registered nosave memory: [mem 0x000a0000-0x000effff]
[    0.000000] PM: Registered nosave memory: [mem 0x000f0000-0x000fffff]
[    0.000000] e820: [mem 0x80000000-0xfebfffff] available for PCI devices
[    0.000000] Booting paravirtualized kernel on KVM
[    0.000000] clocksource: refined-jiffies: mask: 0xffffffff max_cycles: 0xffffffff, max_idle_ns: 7645519600211568 ns
[    0.000000] random: get_random_bytes called from start_kernel+0x99/0x4fd with crng_init=0
[    0.000000] setup_percpu: NR_CPUS:8192 nr_cpumask_bits:1 nr_cpu_ids:1 nr_node_ids:1
[    0.000000] percpu: Embedded 46 pages/cpu @        (ptrval) s151552 r8192 d28672 u2097152
[    0.000000] pcpu-alloc: s151552 r8192 d28672 u2097152 alloc=1*2097152
[    0.000000] pcpu-alloc: [0] 0 
[    0.000000] PV qspinlock hash table entries: 256 (order: 0, 4096 bytes)
[    0.000000] Built 1 zonelists, mobility grouping on.  Total pages: 515961
[    0.000000] Policy zone: DMA32
[    0.000000] Kernel command line: BOOT_IMAGE=/boot/vmlinuz-4.15.0-36-generic root=UUID=cd7b57e6-c587-11e8-9f1c-0800279a8ffa ro initcall_debug printk.time=1 init=/lib/systemd/systemd-bootchart maybe-ubiquity
[    0.000000] Calgary: detecting Calgary via BIOS EBDA area
[    0.000000] Calgary: Unable to locate Rio Grande table in EBDA - bailing!
[    0.000000] Memory: 1980068K/2096696K available (12300K kernel code, 2472K rwdata, 4248K rodata, 2408K init, 2416K bss, 116628K reserved, 0K cma-reserved)
[    0.000000] SLUB: HWalign=64, Order=0-3, MinObjects=0, CPUs=1, Nodes=1
[    0.000000] ftrace: allocating 39168 entries in 154 pages
[    0.004000] Hierarchical RCU implementation.
[    0.004000] 	RCU restricting CPUs from NR_CPUS=8192 to nr_cpu_ids=1.
[    0.004000] 	Tasks RCU enabled.
[    0.004000] RCU: Adjusting geometry for rcu_fanout_leaf=16, nr_cpu_ids=1
[    0.004000] NR_IRQS: 524544, nr_irqs: 256, preallocated irqs: 16
[    0.004000] Console: colour VGA+ 80x25
[    0.004000] console [tty0] enabled
[    0.004000] ACPI: Core revision 20170831
[    0.004000] ACPI: 2 ACPI AML tables successfully acquired and loaded
[    0.004000] APIC: Switch to symmetric I/O mode setup
[    0.004000] x2apic enabled
[    0.004000] Switched APIC routing to physical x2apic.
[    0.004000] ..TIMER: vector=0x30 apic1=0 pin1=2 apic2=-1 pin2=-1
[    0.004000] tsc: Detected 2195.874 MHz processor
[    0.004000] Calibrating delay loop (skipped) preset value.. 4391.74 BogoMIPS (lpj=8783496)
[    0.004000] pid_max: default: 32768 minimum: 301
[    0.004000] Security Framework initialized
[    0.004000] Yama: becoming mindful.
[    0.004000] AppArmor: AppArmor initialized
[    0.004177] Dentry cache hash table entries: 262144 (order: 9, 2097152 bytes)
[    0.004738] Inode-cache hash table entries: 131072 (order: 8, 1048576 bytes)
[    0.005162] Mount-cache hash table entries: 4096 (order: 3, 32768 bytes)
[    0.005520] Mountpoint-cache hash table entries: 4096 (order: 3, 32768 bytes)
[    0.006590] mce: CPU supports 0 MCE banks
[    0.006851] Last level iTLB entries: 4KB 1024, 2MB 1024, 4MB 512
[    0.007165] Last level dTLB entries: 4KB 1536, 2MB 1536, 4MB 768, 1GB 0
[    0.007493] Spectre V2 : Spectre mitigation: LFENCE not serializing, switching to generic retpoline
[    0.007961] Spectre V2 : Mitigation: Full generic retpoline
[    0.008004] Spectre V2 : Spectre v2 / SpectreRSB mitigation: Filling RSB on context switch
[    0.008444] Speculative Store Bypass: Mitigation: Speculative Store Bypass disabled via prctl and seccomp
[    0.017910] Freeing SMP alternatives memory: 36K
[    0.024000] smpboot: CPU0: AMD Ryzen 7 PRO 2700U w/ Radeon Vega Mobile Gfx (family: 0x17, model: 0x11, stepping: 0x0)
[    0.024000] calling  trace_init_flags_sys_exit+0x0/0x14 @ 1
[    0.024000] initcall trace_init_flags_sys_exit+0x0/0x14 returned 0 after 0 usecs
[    0.024000] calling  trace_init_flags_sys_enter+0x0/0x14 @ 1
[    0.024000] initcall trace_init_flags_sys_enter+0x0/0x14 returned 0 after 0 usecs
[    0.024000] calling  init_hw_perf_events+0x0/0x5d5 @ 1
[    0.024000] Performance Events: PMU not available due to virtualization, using software events only.
[    0.024000] initcall init_hw_perf_events+0x0/0x5d5 returned 0 after 0 usecs
[    0.024000] calling  init_real_mode+0x0/0x1d3 @ 1
[    0.024000] initcall init_real_mode+0x0/0x1d3 returned 0 after 0 usecs
[    0.024000] calling  trace_init_perf_perm_irq_work_exit+0x0/0x18 @ 1
[    0.024000] initcall trace_init_perf_perm_irq_work_exit+0x0/0x18 returned 0 after 0 usecs
[    0.024000] calling  register_nmi_cpu_backtrace_handler+0x0/0x1b @ 1
[    0.024000] initcall register_nmi_cpu_backtrace_handler+0x0/0x1b returned 0 after 0 usecs
[    0.024000] calling  numachip_system_init+0x0/0x6c @ 1
[    0.024000] initcall numachip_system_init+0x0/0x6c returned 0 after 0 usecs
[    0.024000] calling  early_efi_map_fb+0x0/0x3d @ 1
[    0.024000] initcall early_efi_map_fb+0x0/0x3d returned 0 after 0 usecs
[    0.024000] calling  spawn_ksoftirqd+0x0/0x45 @ 1
[    0.024000] initcall spawn_ksoftirqd+0x0/0x45 returned 0 after 0 usecs
[    0.024000] calling  migration_init+0x0/0x39 @ 1
[    0.024000] initcall migration_init+0x0/0x39 returned 0 after 0 usecs
[    0.024000] calling  check_cpu_stall_init+0x0/0x20 @ 1
[    0.024000] initcall check_cpu_stall_init+0x0/0x20 returned 0 after 0 usecs
[    0.024000] calling  srcu_bootup_announce+0x0/0x35 @ 1
[    0.024000] Hierarchical SRCU implementation.
[    0.024000] initcall srcu_bootup_announce+0x0/0x35 returned 0 after 0 usecs
[    0.024000] calling  rcu_spawn_gp_kthread+0x0/0x129 @ 1
[    0.024000] initcall rcu_spawn_gp_kthread+0x0/0x129 returned 0 after 0 usecs
[    0.024000] calling  cpu_stop_init+0x0/0x92 @ 1
[    0.024000] initcall cpu_stop_init+0x0/0x92 returned 0 after 0 usecs
[    0.024000] calling  init_events+0x0/0x49 @ 1
[    0.024000] initcall init_events+0x0/0x49 returned 0 after 0 usecs
[    0.024000] calling  init_trace_printk+0x0/0x12 @ 1
[    0.024000] initcall init_trace_printk+0x0/0x12 returned 0 after 0 usecs
[    0.024000] calling  event_trace_enable_again+0x0/0x26 @ 1
[    0.024000] initcall event_trace_enable_again+0x0/0x26 returned 0 after 0 usecs
[    0.024000] calling  jump_label_init_module+0x0/0x17 @ 1
[    0.024000] initcall jump_label_init_module+0x0/0x17 returned 0 after 0 usecs
[    0.024000] calling  dynamic_debug_init+0x0/0x26b @ 1
[    0.024000] initcall dynamic_debug_init+0x0/0x26b returned 0 after 0 usecs
[    0.024000] calling  rand_initialize+0x0/0x60 @ 1
[    0.025606] initcall rand_initialize+0x0/0x60 returned 0 after 1565 usecs
[    0.025610] calling  initialize_ptr_random+0x0/0x3a @ 1
[    0.025614] initcall initialize_ptr_random+0x0/0x3a returned 0 after 0 usecs
[    0.025621] NMI watchdog: Perf event create on CPU 0 failed with -2
[    0.026075] NMI watchdog: Perf NMI watchdog permanently disabled
[    0.026607] smp: Bringing up secondary CPUs ...
[    0.026977] smp: Brought up 1 node, 1 CPU
[    0.027367] smpboot: Max logical packages: 1
[    0.027722] smpboot: Total of 1 processors activated (4391.74 BogoMIPS)
[    0.028000] devtmpfs: initialized
[    0.028000] x86/mm: Memory block size: 128MB
[    0.028911] calling  ipc_ns_init+0x0/0x5c @ 1
[    0.028924] initcall ipc_ns_init+0x0/0x5c returned 0 after 9 usecs
[    0.028926] calling  init_mmap_min_addr+0x0/0x1b @ 1
[    0.028929] initcall init_mmap_min_addr+0x0/0x1b returned 0 after 0 usecs
[    0.028933] calling  evm_display_config+0x0/0x37 @ 1
[    0.028934] evm: security.selinux
[    0.029247] evm: security.SMACK64
[    0.029559] evm: security.SMACK64EXEC
[    0.030000] evm: security.SMACK64TRANSMUTE
[    0.030342] evm: security.SMACK64MMAP
[    0.030722] evm: security.apparmor
[    0.031031] evm: security.ima
[    0.031320] evm: security.capability
[    0.031644] initcall evm_display_config+0x0/0x37 returned 0 after 2643 usecs
[    0.031648] calling  init_cpufreq_transition_notifier_list+0x0/0x20 @ 1
[    0.031656] initcall init_cpufreq_transition_notifier_list+0x0/0x20 returned 0 after 5 usecs
[    0.031659] calling  jit_init+0x0/0x17 @ 1
[    0.031662] initcall jit_init+0x0/0x17 returned 0 after 0 usecs
[    0.031664] calling  net_ns_init+0x0/0x13f @ 1
[    0.031768] initcall net_ns_init+0x0/0x13f returned 0 after 99 usecs
[    0.031801] calling  xen_pvh_gnttab_setup+0x0/0x3a @ 1
[    0.031804] initcall xen_pvh_gnttab_setup+0x0/0x3a returned -19 after 0 usecs
[    0.031808] calling  e820__register_nvs_regions+0x0/0x3d @ 1
[    0.031811] initcall e820__register_nvs_regions+0x0/0x3d returned 0 after 0 usecs
[    0.031813] calling  cpufreq_register_tsc_scaling+0x0/0x32 @ 1
[    0.031817] initcall cpufreq_register_tsc_scaling+0x0/0x32 returned 0 after 0 usecs
[    0.031819] calling  init_cpu_syscore+0x0/0x14 @ 1
[    0.031822] initcall init_cpu_syscore+0x0/0x14 returned 0 after 0 usecs
[    0.031825] calling  reboot_init+0x0/0x45 @ 1
[    0.031835] initcall reboot_init+0x0/0x45 returned 0 after 6 usecs
[    0.031837] calling  init_lapic_sysfs+0x0/0x29 @ 1
[    0.031840] initcall init_lapic_sysfs+0x0/0x29 returned 0 after 0 usecs
[    0.031843] calling  cpu_hotplug_pm_sync_init+0x0/0x19 @ 1
[    0.031846] initcall cpu_hotplug_pm_sync_init+0x0/0x19 returned 0 after 0 usecs
[    0.031848] calling  alloc_frozen_cpus+0x0/0x23 @ 1
[    0.031851] initcall alloc_frozen_cpus+0x0/0x23 returned 0 after 0 usecs
[    0.031853] calling  wq_sysfs_init+0x0/0x30 @ 1
[    0.031873] initcall wq_sysfs_init+0x0/0x30 returned 0 after 17 usecs
[    0.031875] calling  ksysfs_init+0x0/0x9c @ 1
[    0.031895] initcall ksysfs_init+0x0/0x9c returned 0 after 16 usecs
[    0.031897] calling  pm_init+0x0/0x7e @ 1
[    0.031920] initcall pm_init+0x0/0x7e returned 0 after 19 usecs
[    0.031922] calling  pm_disk_init+0x0/0x1e @ 1
[    0.031937] initcall pm_disk_init+0x0/0x1e returned 0 after 11 usecs
[    0.031941] calling  swsusp_header_init+0x0/0x40 @ 1
[    0.031946] initcall swsusp_header_init+0x0/0x40 returned 0 after 2 usecs
[    0.031948] calling  rcu_spawn_tasks_kthread+0x0/0x49 @ 1
[    0.031986] initcall rcu_spawn_tasks_kthread+0x0/0x49 returned 0 after 33 usecs
[    0.031988] calling  rcu_set_runtime_mode+0x0/0x17 @ 1
[    0.031991] initcall rcu_set_runtime_mode+0x0/0x17 returned 0 after 0 usecs
[    0.031994] calling  init_jiffies_clocksource+0x0/0x1e @ 1
[    0.031998] clocksource: jiffies: mask: 0xffffffff max_cycles: 0xffffffff, max_idle_ns: 7645041785100000 ns
[    0.032000] initcall init_jiffies_clocksource+0x0/0x1e returned 0 after 5 usecs
[    0.032000] calling  futex_init+0x0/0xfd @ 1
[    0.032000] futex hash table entries: 256 (order: 2, 16384 bytes)
[    0.032016] initcall futex_init+0x0/0xfd returned 0 after 12 usecs
[    0.032019] calling  cgroup_wq_init+0x0/0x33 @ 1
[    0.032027] initcall cgroup_wq_init+0x0/0x33 returned 0 after 4 usecs
[    0.032030] calling  cgroup1_wq_init+0x0/0x33 @ 1
[    0.032035] initcall cgroup1_wq_init+0x0/0x33 returned 0 after 2 usecs
[    0.032037] calling  ftrace_mod_cmd_init+0x0/0x12 @ 1
[    0.032040] initcall ftrace_mod_cmd_init+0x0/0x12 returned 0 after 1 usecs
[    0.032043] calling  init_wakeup_tracer+0x0/0x32 @ 1
[    0.032048] initcall init_wakeup_tracer+0x0/0x32 returned 0 after 3 usecs
[    0.032050] calling  init_graph_trace+0x0/0x64 @ 1
[    0.032058] initcall init_graph_trace+0x0/0x64 returned 0 after 4 usecs
[    0.032063] calling  init_per_zone_wmark_min+0x0/0x75 @ 1
[    0.032071] initcall init_per_zone_wmark_min+0x0/0x75 returned 0 after 4 usecs
[    0.032074] calling  init_zero_pfn+0x0/0x3d @ 1
[    0.032077] initcall init_zero_pfn+0x0/0x3d returned 0 after 0 usecs
[    0.032081] calling  memory_failure_init+0x0/0xa6 @ 1
[    0.032085] initcall memory_failure_init+0x0/0xa6 returned 0 after 0 usecs
[    0.032088] calling  cma_init_reserved_areas+0x0/0x1ae @ 1
[    0.032092] initcall cma_init_reserved_areas+0x0/0x1ae returned 0 after 0 usecs
[    0.032095] calling  fsnotify_init+0x0/0x4e @ 1
[    0.032103] initcall fsnotify_init+0x0/0x4e returned 0 after 4 usecs
[    0.032105] calling  filelock_init+0x0/0x91 @ 1
[    0.032210] initcall filelock_init+0x0/0x91 returned 0 after 93 usecs
[    0.032214] calling  init_script_binfmt+0x0/0x1b @ 1
[    0.032218] initcall init_script_binfmt+0x0/0x1b returned 0 after 0 usecs
[    0.032221] calling  init_elf_binfmt+0x0/0x1b @ 1
[    0.032225] initcall init_elf_binfmt+0x0/0x1b returned 0 after 0 usecs
[    0.032228] calling  init_compat_elf_binfmt+0x0/0x1b @ 1
[    0.032233] initcall init_compat_elf_binfmt+0x0/0x1b returned 0 after 0 usecs
[    0.032236] calling  configfs_init+0x0/0x99 @ 1
[    0.032246] initcall configfs_init+0x0/0x99 returned 0 after 6 usecs
[    0.032249] calling  debugfs_init+0x0/0x55 @ 1
[    0.032254] initcall debugfs_init+0x0/0x55 returned 0 after 2 usecs
[    0.032256] calling  tracefs_init+0x0/0x40 @ 1
[    0.032260] initcall tracefs_init+0x0/0x40 returned 0 after 1 usecs
[    0.032263] calling  securityfs_init+0x0/0x6e @ 1
[    0.032301] initcall securityfs_init+0x0/0x6e returned 0 after 33 usecs
[    0.032306] calling  prandom_init+0x0/0xbb @ 1
[    0.032338] initcall prandom_init+0x0/0xbb returned 0 after 27 usecs
[    0.032341] calling  pinctrl_init+0x0/0xb3 @ 1
[    0.032343] pinctrl core: initialized pinctrl subsystem
[    0.032829] initcall pinctrl_init+0x0/0xb3 returned 0 after 471 usecs
[    0.032833] calling  gpiolib_dev_init+0x0/0xd5 @ 1
[    0.032847] initcall gpiolib_dev_init+0x0/0xd5 returned 0 after 10 usecs
[    0.032849] calling  sfi_sysfs_init+0x0/0xd8 @ 1
[    0.032853] initcall sfi_sysfs_init+0x0/0xd8 returned 0 after 0 usecs
[    0.032858] calling  virtio_init+0x0/0x30 @ 1
[    0.032867] initcall virtio_init+0x0/0x30 returned 0 after 5 usecs
[    0.032870] calling  regulator_init+0x0/0x91 @ 1
[    0.033016] initcall regulator_init+0x0/0x91 returned 0 after 138 usecs
[    0.033018] calling  iommu_init+0x0/0x30 @ 1
[    0.033022] initcall iommu_init+0x0/0x30 returned 0 after 1 usecs
[    0.033027] calling  early_resume_init+0x0/0xd0 @ 1
[    0.033072] RTC time:  2:31:21, date: 10/09/18
[    0.033470] initcall early_resume_init+0x0/0xd0 returned 0 after 428 usecs
[    0.033472] calling  opp_debug_init+0x0/0x41 @ 1
[    0.033477] initcall opp_debug_init+0x0/0x41 returned 0 after 2 usecs
[    0.033479] calling  cpufreq_core_init+0x0/0x51 @ 1
[    0.033484] initcall cpufreq_core_init+0x0/0x51 returned 0 after 2 usecs
[    0.033486] calling  cpuidle_init+0x0/0x40 @ 1
[    0.033492] initcall cpuidle_init+0x0/0x40 returned 0 after 3 usecs
[    0.033495] calling  capsule_reboot_register+0x0/0x17 @ 1
[    0.033499] initcall capsule_reboot_register+0x0/0x17 returned 0 after 0 usecs
[    0.033502] calling  bsp_pm_check_init+0x0/0x19 @ 1
[    0.033505] initcall bsp_pm_check_init+0x0/0x19 returned 0 after 0 usecs
[    0.033507] calling  sock_init+0x0/0x9f @ 1
[    0.033699] initcall sock_init+0x0/0x9f returned 0 after 185 usecs
[    0.033701] calling  net_inuse_init+0x0/0x29 @ 1
[    0.033705] initcall net_inuse_init+0x0/0x29 returned 0 after 1 usecs
[    0.033707] calling  net_defaults_init+0x0/0x29 @ 1
[    0.033710] initcall net_defaults_init+0x0/0x29 returned 0 after 0 usecs
[    0.033712] calling  init_default_flow_dissectors+0x0/0x55 @ 1
[    0.033715] initcall init_default_flow_dissectors+0x0/0x55 returned 0 after 0 usecs
[    0.033717] calling  netpoll_init+0x0/0x2d @ 1
[    0.033720] initcall netpoll_init+0x0/0x2d returned 0 after 0 usecs
[    0.033723] calling  netlink_proto_init+0x0/0x16c @ 1
[    0.034013] NET: Registered protocol family 16
[    0.034444] initcall netlink_proto_init+0x0/0x16c returned 0 after 701 usecs
[    0.034448] calling  __gnttab_init+0x0/0x40 @ 1
[    0.034452] initcall __gnttab_init+0x0/0x40 returned -19 after 0 usecs
[    0.034486] calling  irq_sysfs_init+0x0/0x9b @ 1
[    0.034598] initcall irq_sysfs_init+0x0/0x9b returned 0 after 104 usecs
[    0.034602] calling  audit_init+0x0/0x14d @ 1
[    0.034606] audit: initializing netlink subsys (disabled)
[    0.035166] initcall audit_init+0x0/0x14d returned 0 after 546 usecs
[    0.035169] calling  bdi_class_init+0x0/0x4e @ 1
[    0.035189] initcall bdi_class_init+0x0/0x4e returned 0 after 16 usecs
[    0.035191] calling  mm_sysfs_init+0x0/0x2e @ 1
[    0.035196] initcall mm_sysfs_init+0x0/0x2e returned 0 after 1 usecs
[    0.035198] calling  gpiolib_sysfs_init+0x0/0xaa @ 1
[    0.035205] initcall gpiolib_sysfs_init+0x0/0xaa returned 0 after 5 usecs
[    0.035207] calling  pcibus_class_init+0x0/0x1e @ 1
[    0.035213] initcall pcibus_class_init+0x0/0x1e returned 0 after 3 usecs
[    0.035215] calling  pci_driver_init+0x0/0x17 @ 1
[    0.035224] initcall pci_driver_init+0x0/0x17 returned 0 after 6 usecs
[    0.035226] calling  rio_bus_init+0x0/0x45 @ 1
[    0.035246] initcall rio_bus_init+0x0/0x45 returned 0 after 17 usecs
[    0.035248] calling  backlight_class_init+0x0/0xac @ 1
[    0.035254] initcall backlight_class_init+0x0/0xac returned 0 after 3 usecs
[    0.035257] calling  xenbus_init+0x0/0x2d1 @ 1
[    0.035261] initcall xenbus_init+0x0/0x2d1 returned -19 after 0 usecs
[    0.035263] calling  tty_class_init+0x0/0x39 @ 1
[    0.035268] initcall tty_class_init+0x0/0x39 returned 0 after 2 usecs
[    0.035270] calling  vtconsole_class_init+0x0/0xe3 @ 1
[    0.035299] initcall vtconsole_class_init+0x0/0xe3 returned 0 after 26 usecs
[    0.035301] calling  serdev_init+0x0/0x22 @ 1
[    0.035318] initcall serdev_init+0x0/0x22 returned 0 after 14 usecs
[    0.035320] calling  iommu_dev_init+0x0/0x1e @ 1
[    0.035326] initcall iommu_dev_init+0x0/0x1e returned 0 after 3 usecs
[    0.035328] calling  wakeup_sources_debugfs_init+0x0/0x29 @ 1
[    0.035333] initcall wakeup_sources_debugfs_init+0x0/0x29 returned 0 after 1 usecs
[    0.035335] calling  isa_bus_init+0x0/0x3e @ 1
[    0.035359] initcall isa_bus_init+0x0/0x3e returned 0 after 20 usecs
[    0.035362] calling  register_node_type+0x0/0x34 @ 1
[    0.035381] initcall register_node_type+0x0/0x34 returned 0 after 15 usecs
[    0.035383] calling  regmap_initcall+0x0/0x12 @ 1
[    0.035388] initcall regmap_initcall+0x0/0x12 returned 0 after 2 usecs
[    0.035390] calling  sram_init+0x0/0x19 @ 1
[    0.035411] initcall sram_init+0x0/0x19 returned 0 after 17 usecs
[    0.035413] calling  syscon_init+0x0/0x19 @ 1
[    0.035422] initcall syscon_init+0x0/0x19 returned 0 after 5 usecs
[    0.035425] calling  mipi_dsi_bus_init+0x0/0x17 @ 1
[    0.035442] initcall mipi_dsi_bus_init+0x0/0x17 returned 0 after 13 usecs
[    0.035444] calling  spi_init+0x0/0xc5 @ 1
[    0.035459] initcall spi_init+0x0/0xc5 returned 0 after 11 usecs
[    0.035461] calling  i2c_init+0x0/0xb9 @ 1
[    0.035483] initcall i2c_init+0x0/0xb9 returned 0 after 19 usecs
[    0.035485] calling  init_ladder+0x0/0x2a @ 1
[    0.035488] cpuidle: using governor ladder
[    0.035928] initcall init_ladder+0x0/0x2a returned 0 after 428 usecs
[    0.035930] calling  init_menu+0x0/0x17 @ 1
[    0.035932] cpuidle: using governor menu
[    0.036000] initcall init_menu+0x0/0x17 returned 0 after 67 usecs
[    0.036000] calling  pcc_init+0x0/0x9f @ 1
[    0.036000] initcall pcc_init+0x0/0x9f returned -19 after 0 usecs
[    0.036000] calling  amd_postcore_init+0x0/0x117 @ 1
[    0.036000] initcall amd_postcore_init+0x0/0x117 returned 0 after 0 usecs
[    0.036000] calling  kobject_uevent_init+0x0/0x12 @ 1
[    0.036000] initcall kobject_uevent_init+0x0/0x12 returned 0 after 0 usecs
[    0.036000] calling  bts_init+0x0/0xc2 @ 1
[    0.036000] initcall bts_init+0x0/0xc2 returned -19 after 0 usecs
[    0.036000] calling  pt_init+0x0/0x352 @ 1
[    0.036000] initcall pt_init+0x0/0x352 returned -19 after 0 usecs
[    0.036000] calling  boot_params_ksysfs_init+0x0/0x273 @ 1
[    0.036000] initcall boot_params_ksysfs_init+0x0/0x273 returned 0 after 0 usecs
[    0.036000] calling  sbf_init+0x0/0xd2 @ 1
[    0.036000] initcall sbf_init+0x0/0xd2 returned 0 after 0 usecs
[    0.036000] calling  arch_kdebugfs_init+0x0/0x29 @ 1
[    0.036000] initcall arch_kdebugfs_init+0x0/0x29 returned 0 after 0 usecs
[    0.036000] calling  mtrr_if_init+0x0/0x64 @ 1
[    0.036000] initcall mtrr_if_init+0x0/0x64 returned 0 after 0 usecs
[    0.036000] calling  ffh_cstate_init+0x0/0x30 @ 1
[    0.036000] initcall ffh_cstate_init+0x0/0x30 returned 0 after 0 usecs
[    0.036000] calling  activate_jump_labels+0x0/0x3a @ 1
[    0.036000] initcall activate_jump_labels+0x0/0x3a returned 0 after 0 usecs
[    0.036000] calling  gigantic_pages_init+0x0/0x37 @ 1
[    0.036000] initcall gigantic_pages_init+0x0/0x37 returned 0 after 0 usecs
[    0.036000] calling  kcmp_cookies_init+0x0/0x3d @ 1
[    0.036000] initcall kcmp_cookies_init+0x0/0x3d returned 0 after 0 usecs
[    0.036000] calling  acpi_pci_init+0x0/0x67 @ 1
[    0.036000] ACPI: bus type PCI registered
[    0.036000] acpiphp: ACPI Hot Plug PCI Controller Driver version: 0.5
[    0.036000] initcall acpi_pci_init+0x0/0x67 returned 0 after 0 usecs
[    0.036000] calling  dma_bus_init+0x0/0xdd @ 1
[    0.036000] initcall dma_bus_init+0x0/0xdd returned 0 after 0 usecs
[    0.036000] calling  dma_channel_table_init+0x0/0xdc @ 1
[    0.036000] initcall dma_channel_table_init+0x0/0xdc returned 0 after 0 usecs
[    0.036000] calling  setup_vcpu_hotplug_event+0x0/0x3c @ 1
[    0.036000] initcall setup_vcpu_hotplug_event+0x0/0x3c returned -19 after 0 usecs
[    0.036000] calling  register_xen_pci_notifier+0x0/0x3c @ 1
[    0.036000] initcall register_xen_pci_notifier+0x0/0x3c returned 0 after 0 usecs
[    0.036000] calling  xen_pcpu_init+0x0/0xc5 @ 1
[    0.036000] initcall xen_pcpu_init+0x0/0xc5 returned -19 after 0 usecs
[    0.036000] calling  dmi_id_init+0x0/0x322 @ 1
[    0.036000] initcall dmi_id_init+0x0/0x322 returned 0 after 0 usecs
[    0.036000] calling  numachip_timer_init+0x0/0x5a @ 1
[    0.036000] initcall numachip_timer_init+0x0/0x5a returned -19 after 0 usecs
[    0.036000] calling  silead_ts_dmi_init+0x0/0x5e @ 1
[    0.036000] initcall silead_ts_dmi_init+0x0/0x5e returned 0 after 0 usecs
[    0.036000] calling  pci_arch_init+0x0/0x6b @ 1
[    0.036067] PCI: Using configuration type 1 for base access
[    0.036511] PCI: Using configuration type 1 for extended access
[    0.037007] initcall pci_arch_init+0x0/0x6b returned 0 after 979 usecs
[    0.037038] calling  init_vdso+0x0/0x46 @ 1
[    0.037057] initcall init_vdso+0x0/0x46 returned 0 after 15 usecs
[    0.037059] calling  sysenter_setup+0x0/0x19 @ 1
[    0.037065] initcall sysenter_setup+0x0/0x19 returned 0 after 1 usecs
[    0.037069] calling  fixup_ht_bug+0x0/0xa9 @ 1
[    0.037073] initcall fixup_ht_bug+0x0/0xa9 returned 0 after 0 usecs
[    0.037075] calling  topology_init+0x0/0xc3 @ 1
[    0.037233] initcall topology_init+0x0/0xc3 returned 0 after 150 usecs
[    0.037237] calling  mtrr_init_finialize+0x0/0x47 @ 1
[    0.037241] initcall mtrr_init_finialize+0x0/0x47 returned 0 after 0 usecs
[    0.037244] calling  uid_cache_init+0x0/0x91 @ 1
[    0.037249] initcall uid_cache_init+0x0/0x91 returned 0 after 2 usecs
[    0.037252] calling  param_sysfs_init+0x0/0x1ef @ 1
[    0.039013] initcall param_sysfs_init+0x0/0x1ef returned 0 after 1715 usecs
[    0.039016] calling  user_namespace_sysctl_init+0x0/0x39 @ 1
[    0.039032] initcall user_namespace_sysctl_init+0x0/0x39 returned 0 after 12 usecs
[    0.039034] calling  proc_schedstat_init+0x0/0x24 @ 1
[    0.039040] initcall proc_schedstat_init+0x0/0x24 returned 0 after 2 usecs
[    0.039042] calling  pm_sysrq_init+0x0/0x1e @ 1
[    0.039046] initcall pm_sysrq_init+0x0/0x1e returned 0 after 0 usecs
[    0.039051] calling  create_proc_profile+0x0/0xe0 @ 1
[    0.039054] initcall create_proc_profile+0x0/0xe0 returned 0 after 0 usecs
[    0.039057] calling  crash_save_vmcoreinfo_init+0x0/0x5d0 @ 1
[    0.039110] initcall crash_save_vmcoreinfo_init+0x0/0x5d0 returned 0 after 48 usecs
[    0.039113] calling  crash_notes_memory_init+0x0/0x3b @ 1
[    0.039119] initcall crash_notes_memory_init+0x0/0x3b returned 0 after 2 usecs
[    0.039122] calling  cgroup_sysfs_init+0x0/0x1e @ 1
[    0.039128] initcall cgroup_sysfs_init+0x0/0x1e returned 0 after 3 usecs
[    0.039131] calling  cgroup_namespaces_init+0x0/0xd @ 1
[    0.039134] initcall cgroup_namespaces_init+0x0/0xd returned 0 after 0 usecs
[    0.039137] calling  user_namespaces_init+0x0/0x32 @ 1
[    0.039141] initcall user_namespaces_init+0x0/0x32 returned 0 after 1 usecs
[    0.039144] calling  hung_task_init+0x0/0x54 @ 1
[    0.039196] audit: type=2000 audit(1539053877.907:1): state=initialized audit_enabled=0 res=1
[    0.039886] initcall hung_task_init+0x0/0x54 returned 0 after 720 usecs
[    0.039889] calling  dev_map_init+0x0/0x19 @ 1
[    0.039892] initcall dev_map_init+0x0/0x19 returned 0 after 1 usecs
[    0.039895] calling  bpf_offload_init+0x0/0x19 @ 1
[    0.039898] initcall bpf_offload_init+0x0/0x19 returned 0 after 0 usecs
[    0.039900] calling  oom_init+0x0/0x35 @ 1
[    0.040025] initcall oom_init+0x0/0x35 returned 0 after 118 usecs
[    0.040028] calling  default_bdi_init+0x0/0xb5 @ 1
[    0.040108] initcall default_bdi_init+0x0/0xb5 returned 0 after 74 usecs
[    0.040111] calling  percpu_enable_async+0x0/0x14 @ 1
[    0.040114] initcall percpu_enable_async+0x0/0x14 returned 0 after 0 usecs
[    0.040117] calling  kcompactd_init+0x0/0xa0 @ 1
[    0.040155] initcall kcompactd_init+0x0/0xa0 returned 0 after 33 usecs
[    0.040158] calling  init_reserve_notifier+0x0/0x24 @ 1
[    0.040162] initcall init_reserve_notifier+0x0/0x24 returned 0 after 0 usecs
[    0.040167] calling  init_admin_reserve+0x0/0x40 @ 1
[    0.040170] initcall init_admin_reserve+0x0/0x40 returned 0 after 0 usecs
[    0.040173] calling  init_user_reserve+0x0/0x40 @ 1
[    0.040175] initcall init_user_reserve+0x0/0x40 returned 0 after 0 usecs
[    0.040178] calling  swap_init_sysfs+0x0/0x6a @ 1
[    0.040183] initcall swap_init_sysfs+0x0/0x6a returned 0 after 2 usecs
[    0.040185] calling  swapfile_init+0x0/0xbc @ 1
[    0.040187] initcall swapfile_init+0x0/0xbc returned 0 after 0 usecs
[    0.040189] calling  hugetlb_init+0x0/0x20 @ 1
[    0.040199] HugeTLB registered 2.00 MiB page size, pre-allocated 0 pages
[    0.040716] initcall hugetlb_init+0x0/0x20 returned 0 after 512 usecs
[    0.040718] calling  ksm_init+0x0/0x19f @ 1
[    0.040810] initcall ksm_init+0x0/0x19f returned 0 after 79 usecs
[    0.040815] calling  hugepage_init+0x0/0x15b @ 1
[    0.040911] initcall hugepage_init+0x0/0x15b returned 0 after 87 usecs
[    0.040914] calling  mem_cgroup_swap_init+0x0/0x57 @ 1
[    0.040917] initcall mem_cgroup_swap_init+0x0/0x57 returned 0 after 0 usecs
[    0.040919] calling  mem_cgroup_init+0x0/0x15b @ 1
[    0.040927] initcall mem_cgroup_init+0x0/0x15b returned 0 after 5 usecs
[    0.040930] calling  page_idle_init+0x0/0x34 @ 1
[    0.040961] initcall page_idle_init+0x0/0x34 returned 0 after 3 usecs
[    0.040965] calling  sel_ib_pkey_init+0x0/0x4d @ 1
[    0.040968] initcall sel_ib_pkey_init+0x0/0x4d returned 0 after 0 usecs
[    0.040970] calling  crypto_wq_init+0x0/0x36 @ 1
[    0.041020] initcall crypto_wq_init+0x0/0x36 returned 0 after 45 usecs
[    0.041022] calling  cryptomgr_init+0x0/0x17 @ 1
[    0.041026] initcall cryptomgr_init+0x0/0x17 returned 0 after 0 usecs
[    0.041028] calling  init_bio+0x0/0xd9 @ 1
[    0.041091] initcall init_bio+0x0/0xd9 returned 0 after 58 usecs
[    0.041094] calling  blk_settings_init+0x0/0x2f @ 1
[    0.041097] initcall blk_settings_init+0x0/0x2f returned 0 after 0 usecs
[    0.041099] calling  blk_ioc_init+0x0/0x2f @ 1
[    0.041103] initcall blk_ioc_init+0x0/0x2f returned 0 after 1 usecs
[    0.041106] calling  blk_softirq_init+0x0/0x76 @ 1
[    0.041109] initcall blk_softirq_init+0x0/0x76 returned 0 after 0 usecs
[    0.041112] calling  blk_mq_init+0x0/0x2f @ 1
[    0.041115] initcall blk_mq_init+0x0/0x2f returned 0 after 0 usecs
[    0.041118] calling  genhd_device_init+0x0/0x7b @ 1
[    0.041214] initcall genhd_device_init+0x0/0x7b returned 0 after 90 usecs
[    0.041217] calling  irq_poll_setup+0x0/0x71 @ 1
[    0.041221] initcall irq_poll_setup+0x0/0x71 returned 0 after 0 usecs
[    0.041223] calling  sx150x_init+0x0/0x19 @ 1
[    0.041234] initcall sx150x_init+0x0/0x19 returned 0 after 7 usecs
[    0.041237] calling  byt_gpio_init+0x0/0x19 @ 1
[    0.041246] initcall byt_gpio_init+0x0/0x19 returned 0 after 6 usecs
[    0.041249] calling  chv_pinctrl_init+0x0/0x19 @ 1
[    0.041257] initcall chv_pinctrl_init+0x0/0x19 returned 0 after 4 usecs
[    0.041260] calling  gpiolib_debugfs_init+0x0/0x29 @ 1
[    0.041265] initcall gpiolib_debugfs_init+0x0/0x29 returned 0 after 1 usecs
[    0.041267] calling  lp_gpio_init+0x0/0x19 @ 1
[    0.041283] initcall lp_gpio_init+0x0/0x19 returned 0 after 13 usecs
[    0.041285] calling  rc5t583_gpio_init+0x0/0x19 @ 1
[    0.041292] initcall rc5t583_gpio_init+0x0/0x19 returned 0 after 4 usecs
[    0.041294] calling  palmas_gpio_init+0x0/0x19 @ 1
[    0.041301] initcall palmas_gpio_init+0x0/0x19 returned 0 after 4 usecs
[    0.041302] calling  tps6586x_gpio_init+0x0/0x19 @ 1
[    0.041310] initcall tps6586x_gpio_init+0x0/0x19 returned 0 after 4 usecs
[    0.041312] calling  tps65910_gpio_init+0x0/0x19 @ 1
[    0.041318] initcall tps65910_gpio_init+0x0/0x19 returned 0 after 4 usecs
[    0.041320] calling  pwm_debugfs_init+0x0/0x29 @ 1
[    0.041324] initcall pwm_debugfs_init+0x0/0x29 returned 0 after 1 usecs
[    0.041326] calling  pwm_sysfs_init+0x0/0x1e @ 1
[    0.041339] initcall pwm_sysfs_init+0x0/0x1e returned 0 after 10 usecs
[    0.041344] calling  pci_slot_init+0x0/0x50 @ 1
[    0.041349] initcall pci_slot_init+0x0/0x50 returned 0 after 2 usecs
[    0.041351] calling  fbmem_init+0x0/0xda @ 1
[    0.041384] initcall fbmem_init+0x0/0xda returned 0 after 30 usecs
[    0.041386] calling  scan_for_dmi_ipmi+0x0/0xfb @ 1
[    0.041390] initcall scan_for_dmi_ipmi+0x0/0xfb returned 0 after 1 usecs
[    0.041392] calling  acpi_init+0x0/0x35e @ 1
[    0.041407] ACPI: Added _OSI(Module Device)
[    0.041786] ACPI: Added _OSI(Processor Device)
[    0.042182] ACPI: Added _OSI(3.0 _SCP Extensions)
[    0.042577] ACPI: Added _OSI(Processor Aggregator Device)
[    0.043014] ACPI: Added _OSI(Linux-Dell-Video)
[    0.043398] ACPI: Added _OSI(Linux-Lenovo-NV-HDMI-Audio)
[    0.044620] ACPI: Executed 1 blocks of module-level executable AML code
[    0.052674] ACPI: Interpreter enabled
[    0.053059] ACPI: (supports S0 S5)
[    0.053392] ACPI: Using IOAPIC for interrupt routing
[    0.054280] PCI: Using host bridge windows from ACPI; if necessary, use "pci=nocrs" and report a bug
[    0.055273] ACPI: Enabled 2 GPEs in block 00 to 07
[    0.067097] ACPI: PCI Root Bridge [PCI0] (domain 0000 [bus 00-ff])
[    0.067592] acpi PNP0A03:00: _OSC: OS supports [ExtendedConfig ASPM ClockPM Segments MSI]
[    0.068000] acpi PNP0A03:00: _OSC: OS now controls [PCIeHotplug PME AER PCIeCapability]
[    0.068571] PCI host bridge to bus 0000:00
[    0.068952] pci_bus 0000:00: root bus resource [io  0x0000-0x0cf7 window]
[    0.069454] pci_bus 0000:00: root bus resource [io  0x0d00-0xffff window]
[    0.069953] pci_bus 0000:00: root bus resource [mem 0x000a0000-0x000bffff window]
[    0.070573] pci_bus 0000:00: root bus resource [mem 0x80000000-0xfdffffff window]
[    0.071192] pci_bus 0000:00: root bus resource [bus 00-ff]
[    0.072058] pci 0000:00:00.0: [8086:1237] type 00 class 0x060000
[    0.073375] pci 0000:00:01.0: [8086:7000] type 00 class 0x060100
[    0.074656] pci 0000:00:01.1: [8086:7111] type 00 class 0x01018a
[    0.075400] pci 0000:00:01.1: reg 0x20: [io  0xd000-0xd00f]
[    0.076051] pci 0000:00:01.1: legacy IDE quirk: reg 0x10: [io  0x01f0-0x01f7]
[    0.076577] pci 0000:00:01.1: legacy IDE quirk: reg 0x14: [io  0x03f6]
[    0.077078] pci 0000:00:01.1: legacy IDE quirk: reg 0x18: [io  0x0170-0x0177]
[    0.078689] pci 0000:00:01.1: legacy IDE quirk: reg 0x1c: [io  0x0376]
[    0.079584] pci 0000:00:02.0: [80ee:beef] type 00 class 0x030000
[    0.082410] pci 0000:00:02.0: reg 0x10: [mem 0xe0000000-0xe0ffffff pref]
[    0.096724] pci 0000:00:03.0: [8086:100e] type 00 class 0x020000
[    0.100025] pci 0000:00:03.0: reg 0x10: [mem 0xf0000000-0xf001ffff]
[    0.104154] pci 0000:00:03.0: reg 0x18: [io  0xd010-0xd017]
[    0.112914] pci 0000:00:04.0: [80ee:cafe] type 00 class 0x088000
[    0.116159] pci 0000:00:04.0: reg 0x10: [io  0xd020-0xd03f]
[    0.118156] pci 0000:00:04.0: reg 0x14: [mem 0xf0400000-0xf07fffff]
[    0.120101] pci 0000:00:04.0: reg 0x18: [mem 0xf0800000-0xf0803fff pref]
[    0.128786] pci 0000:00:05.0: [8086:2415] type 00 class 0x040100
[    0.129095] pci 0000:00:05.0: reg 0x10: [io  0xd100-0xd1ff]
[    0.129240] pci 0000:00:05.0: reg 0x14: [io  0xd200-0xd23f]
[    0.130539] pci 0000:00:06.0: [106b:003f] type 00 class 0x0c0310
[    0.132132] pci 0000:00:06.0: reg 0x10: [mem 0xf0804000-0xf0804fff]
[    0.144845] pci 0000:00:07.0: [8086:7113] type 00 class 0x068000
[    0.145689] pci 0000:00:07.0: quirk: [io  0x4000-0x403f] claimed by PIIX4 ACPI
[    0.146365] pci 0000:00:07.0: quirk: [io  0x4100-0x410f] claimed by PIIX4 SMB
[    0.148530] pci 0000:00:0d.0: [8086:2829] type 00 class 0x010601
[    0.150520] pci 0000:00:0d.0: reg 0x10: [io  0xd240-0xd247]
[    0.152165] pci 0000:00:0d.0: reg 0x14: [io  0xd248-0xd24b]
[    0.154778] pci 0000:00:0d.0: reg 0x18: [io  0xd250-0xd257]
[    0.156175] pci 0000:00:0d.0: reg 0x1c: [io  0xd258-0xd25b]
[    0.158075] pci 0000:00:0d.0: reg 0x20: [io  0xd260-0xd26f]
[    0.160213] pci 0000:00:0d.0: reg 0x24: [mem 0xf0806000-0xf0807fff]
[    0.165898] ACPI: PCI Interrupt Link [LNKA] (IRQs 5 9 10 *11)
[    0.166650] ACPI: PCI Interrupt Link [LNKB] (IRQs 5 9 *10 11)
[    0.167094] ACPI: PCI Interrupt Link [LNKC] (IRQs 5 *9 10 11)
[    0.168121] ACPI: PCI Interrupt Link [LNKD] (IRQs 5 9 10 *11)
[    0.168663] initcall acpi_init+0x0/0x35e returned 0 after 124279 usecs
[    0.168667] calling  pnp_init+0x0/0x17 @ 1
[    0.168677] initcall pnp_init+0x0/0x17 returned 0 after 7 usecs
[    0.168679] calling  balloon_init+0x0/0x1c6 @ 1
[    0.168682] initcall balloon_init+0x0/0x1c6 returned -19 after 1 usecs
[    0.168688] calling  xen_setup_shutdown_event+0x0/0x40 @ 1
[    0.168691] initcall xen_setup_shutdown_event+0x0/0x40 returned -19 after 0 usecs
[    0.168694] calling  xenbus_probe_backend_init+0x0/0x53 @ 1
[    0.168713] initcall xenbus_probe_backend_init+0x0/0x53 returned 0 after 16 usecs
[    0.168715] calling  xenbus_probe_frontend_init+0x0/0x53 @ 1
[    0.168723] initcall xenbus_probe_frontend_init+0x0/0x53 returned 0 after 4 usecs
[    0.168726] calling  xen_acpi_pad_init+0x0/0x52 @ 1
[    0.168729] initcall xen_acpi_pad_init+0x0/0x52 returned -19 after 0 usecs
[    0.168730] calling  misc_init+0x0/0xbe @ 1
[    0.168744] initcall misc_init+0x0/0xbe returned 0 after 11 usecs
[    0.168746] calling  tpm_init+0x0/0xd6 @ 1
[    0.168755] initcall tpm_init+0x0/0xd6 returned 0 after 5 usecs
[    0.168759] calling  cn_init+0x0/0xf0 @ 1
[    0.168780] initcall cn_init+0x0/0xf0 returned 0 after 17 usecs
[    0.168783] calling  pm860x_i2c_init+0x0/0x31 @ 1
[    0.168814] initcall pm860x_i2c_init+0x0/0x31 returned 0 after 17 usecs
[    0.168816] calling  wm8400_module_init+0x0/0x31 @ 1
[    0.168828] initcall wm8400_module_init+0x0/0x31 returned 0 after 5 usecs
[    0.168831] calling  wm831x_i2c_init+0x0/0x31 @ 1
[    0.168846] initcall wm831x_i2c_init+0x0/0x31 returned 0 after 12 usecs
[    0.168848] calling  wm831x_spi_init+0x0/0x2d @ 1
[    0.168856] initcall wm831x_spi_init+0x0/0x2d returned 0 after 5 usecs
[    0.168858] calling  wm8350_i2c_init+0x0/0x19 @ 1
[    0.168865] initcall wm8350_i2c_init+0x0/0x19 returned 0 after 4 usecs
[    0.168867] calling  tps65910_i2c_init+0x0/0x19 @ 1
[    0.168873] initcall tps65910_i2c_init+0x0/0x19 returned 0 after 3 usecs
[    0.168874] calling  tps80031_init+0x0/0x19 @ 1
[    0.168879] initcall tps80031_init+0x0/0x19 returned 0 after 3 usecs
[    0.168881] calling  ezx_pcap_init+0x0/0x19 @ 1
[    0.168886] initcall ezx_pcap_init+0x0/0x19 returned 0 after 3 usecs
[    0.168888] calling  da903x_init+0x0/0x19 @ 1
[    0.168892] initcall da903x_init+0x0/0x19 returned 0 after 2 usecs
[    0.168894] calling  da9052_spi_init+0x0/0x31 @ 1
[    0.168907] initcall da9052_spi_init+0x0/0x31 returned 0 after 10 usecs
[    0.168909] calling  da9052_i2c_init+0x0/0x31 @ 1
[    0.168914] initcall da9052_i2c_init+0x0/0x31 returned 0 after 2 usecs
[    0.168915] calling  lp8788_init+0x0/0x19 @ 1
[    0.168920] initcall lp8788_init+0x0/0x19 returned 0 after 3 usecs
[    0.168922] calling  da9055_i2c_init+0x0/0x31 @ 1
[    0.168928] initcall da9055_i2c_init+0x0/0x31 returned 0 after 3 usecs
[    0.168929] calling  max77843_i2c_init+0x0/0x19 @ 1
[    0.168934] initcall max77843_i2c_init+0x0/0x19 returned 0 after 2 usecs
[    0.168936] calling  max8925_i2c_init+0x0/0x31 @ 1
[    0.168941] initcall max8925_i2c_init+0x0/0x31 returned 0 after 2 usecs
[    0.168942] calling  max8997_i2c_init+0x0/0x19 @ 1
[    0.168947] initcall max8997_i2c_init+0x0/0x19 returned 0 after 2 usecs
[    0.168949] calling  max8998_i2c_init+0x0/0x19 @ 1
[    0.168953] initcall max8998_i2c_init+0x0/0x19 returned 0 after 2 usecs
[    0.168955] calling  ab3100_i2c_init+0x0/0x19 @ 1
[    0.168960] initcall ab3100_i2c_init+0x0/0x19 returned 0 after 2 usecs
[    0.168961] calling  tps6586x_init+0x0/0x19 @ 1
[    0.168966] initcall tps6586x_init+0x0/0x19 returned 0 after 3 usecs
[    0.168968] calling  tps65090_init+0x0/0x19 @ 1
[    0.168982] initcall tps65090_init+0x0/0x19 returned 0 after 10 usecs
[    0.168984] calling  aat2870_init+0x0/0x19 @ 1
[    0.168991] initcall aat2870_init+0x0/0x19 returned 0 after 4 usecs
[    0.168993] calling  palmas_i2c_init+0x0/0x19 @ 1
[    0.169007] initcall palmas_i2c_init+0x0/0x19 returned 0 after 10 usecs
[    0.169008] calling  rc5t583_i2c_init+0x0/0x19 @ 1
[    0.169014] initcall rc5t583_i2c_init+0x0/0x19 returned 0 after 3 usecs
[    0.169015] calling  sec_pmic_init+0x0/0x19 @ 1
[    0.169021] initcall sec_pmic_init+0x0/0x19 returned 0 after 3 usecs
[    0.169022] calling  as3711_i2c_init+0x0/0x19 @ 1
[    0.169027] initcall as3711_i2c_init+0x0/0x19 returned 0 after 3 usecs
[    0.169029] calling  libnvdimm_init+0x0/0x41 @ 1
[    0.169076] initcall libnvdimm_init+0x0/0x41 returned 0 after 44 usecs
[    0.169078] calling  dax_fs_init+0x0/0xc4 @ 1
[    0.169178] initcall dax_fs_init+0x0/0xc4 returned 0 after 95 usecs
[    0.169180] calling  dma_buf_init+0x0/0xaf @ 1
[    0.169197] initcall dma_buf_init+0x0/0xaf returned 0 after 15 usecs
[    0.169199] calling  init_scsi+0x0/0x8d @ 1
[    0.169292] SCSI subsystem initialized
[    0.169541] initcall init_scsi+0x0/0x8d returned 0 after 331 usecs
[    0.169542] calling  ata_init+0x0/0x31f @ 1
[    0.169635] libata version 3.00 loaded.
[    0.169637] initcall ata_init+0x0/0x31f returned 0 after 90 usecs
[    0.169639] calling  vga_arb_device_init+0x0/0x24f @ 1
[    0.169718] pci 0000:00:02.0: vgaarb: setting as boot VGA device
[    0.170035] pci 0000:00:02.0: vgaarb: VGA device added: decodes=io+mem,owns=io+mem,locks=none
[    0.170492] pci 0000:00:02.0: vgaarb: bridge control possible
[    0.170793] vgaarb: loaded
[    0.170995] initcall vga_arb_device_init+0x0/0x24f returned 0 after 1321 usecs
[    0.170998] calling  phy_init+0x0/0x53 @ 1
[    0.171015] initcall phy_init+0x0/0x53 returned 0 after 14 usecs
[    0.171016] calling  usb_init+0x0/0x167 @ 1
[    0.171022] ACPI: bus type USB registered
[    0.171346] usbcore: registered new interface driver usbfs
[    0.171663] usbcore: registered new interface driver hub
[    0.171967] usbcore: registered new device driver usb
[    0.172011] initcall usb_init+0x0/0x167 returned 0 after 966 usecs
[    0.172013] calling  serio_init+0x0/0x2f @ 1
[    0.172022] initcall serio_init+0x0/0x2f returned 0 after 6 usecs
[    0.172023] calling  input_init+0x0/0x102 @ 1
[    0.172033] initcall input_init+0x0/0x102 returned 0 after 8 usecs
[    0.172034] calling  rtc_init+0x0/0x52 @ 1
[    0.172039] initcall rtc_init+0x0/0x52 returned 0 after 3 usecs
[    0.172041] calling  dw_i2c_init_driver+0x0/0x19 @ 1
[    0.172066] initcall dw_i2c_init_driver+0x0/0x19 returned 0 after 22 usecs
[    0.172067] calling  power_supply_class_init+0x0/0x45 @ 1
[    0.172073] initcall power_supply_class_init+0x0/0x45 returned 0 after 3 usecs
[    0.172074] calling  hwmon_init+0x0/0xf1 @ 1
[    0.172080] initcall hwmon_init+0x0/0xf1 returned 0 after 4 usecs
[    0.172082] calling  md_init+0x0/0x166 @ 1
[    0.172171] initcall md_init+0x0/0x166 returned 0 after 84 usecs
[    0.172173] calling  edac_init+0x0/0x75 @ 1
[    0.172173] EDAC MC: Ver: 3.0.0
[    0.172753] initcall edac_init+0x0/0x75 returned 0 after 563 usecs
[    0.172754] calling  mmc_init+0x0/0x3a @ 1
[    0.172770] initcall mmc_init+0x0/0x3a returned 0 after 12 usecs
[    0.172771] calling  leds_init+0x0/0x41 @ 1
[    0.172775] initcall leds_init+0x0/0x41 returned 0 after 2 usecs
[    0.172777] calling  dmi_init+0x0/0x11b @ 1
[    0.172790] initcall dmi_init+0x0/0x11b returned 0 after 11 usecs
[    0.172792] calling  efisubsys_init+0x0/0x2c3 @ 1
[    0.172794] initcall efisubsys_init+0x0/0x2c3 returned 0 after 0 usecs
[    0.172796] calling  devfreq_init+0x0/0xa8 @ 1
[    0.172845] initcall devfreq_init+0x0/0xa8 returned 0 after 45 usecs
[    0.172847] calling  devfreq_event_init+0x0/0x54 @ 1
[    0.172851] initcall devfreq_event_init+0x0/0x54 returned 0 after 2 usecs
[    0.172853] calling  devfreq_simple_ondemand_init+0x0/0x17 @ 1
[    0.172856] initcall devfreq_simple_ondemand_init+0x0/0x17 returned 0 after 1 usecs
[    0.172858] calling  devfreq_performance_init+0x0/0x17 @ 1
[    0.172861] initcall devfreq_performance_init+0x0/0x17 returned 0 after 0 usecs
[    0.172863] calling  devfreq_powersave_init+0x0/0x17 @ 1
[    0.172865] initcall devfreq_powersave_init+0x0/0x17 returned 0 after 0 usecs
[    0.172867] calling  devfreq_userspace_init+0x0/0x17 @ 1
[    0.172869] initcall devfreq_userspace_init+0x0/0x17 returned 0 after 0 usecs
[    0.172871] calling  devfreq_passive_init+0x0/0x17 @ 1
[    0.172873] initcall devfreq_passive_init+0x0/0x17 returned 0 after 0 usecs
[    0.172875] calling  vme_init+0x0/0x17 @ 1
[    0.172889] initcall vme_init+0x0/0x17 returned 0 after 11 usecs
[    0.172890] calling  ras_init+0x0/0x15 @ 1
[    0.172902] initcall ras_init+0x0/0x15 returned 0 after 9 usecs
[    0.172903] calling  nvmem_init+0x0/0x17 @ 1
[    0.172909] initcall nvmem_init+0x0/0x17 returned 0 after 4 usecs
[    0.172912] calling  pci_subsys_init+0x0/0x6c @ 1
[    0.172913] PCI: Using ACPI for IRQ routing
[    0.173170] PCI: pci_cache_line_size set to 64 bytes
[    0.173405] e820: reserve RAM buffer [mem 0x0009fc00-0x0009ffff]
[    0.173408] e820: reserve RAM buffer [mem 0x7fff0000-0x7fffffff]
[    0.173412] initcall pci_subsys_init+0x0/0x6c returned 0 after 485 usecs
[    0.173413] calling  proto_init+0x0/0x17 @ 1
[    0.173419] initcall proto_init+0x0/0x17 returned 0 after 3 usecs
[    0.173420] calling  net_dev_init+0x0/0x1f2 @ 1
[    0.173537] initcall net_dev_init+0x0/0x1f2 returned 0 after 112 usecs
[    0.173539] calling  neigh_init+0x0/0x85 @ 1
[    0.173541] initcall neigh_init+0x0/0x85 returned 0 after 0 usecs
[    0.173542] calling  fib_notifier_init+0x0/0x17 @ 1
[    0.173544] initcall fib_notifier_init+0x0/0x17 returned 0 after 0 usecs
[    0.173546] calling  fib_rules_init+0x0/0xb1 @ 1
[    0.173549] initcall fib_rules_init+0x0/0xb1 returned 0 after 1 usecs
[    0.173550] calling  init_cgroup_netprio+0x0/0x19 @ 1
[    0.173553] initcall init_cgroup_netprio+0x0/0x19 returned 0 after 1 usecs
[    0.173555] calling  bpf_lwt_init+0x0/0x1c @ 1
[    0.173557] initcall bpf_lwt_init+0x0/0x1c returned 0 after 0 usecs
[    0.173558] calling  pktsched_init+0x0/0x114 @ 1
[    0.173562] initcall pktsched_init+0x0/0x114 returned 0 after 2 usecs
[    0.173564] calling  tc_filter_init+0x0/0x88 @ 1
[    0.173568] initcall tc_filter_init+0x0/0x88 returned 0 after 2 usecs
[    0.173569] calling  tc_action_init+0x0/0x6e @ 1
[    0.173582] initcall tc_action_init+0x0/0x6e returned 0 after 11 usecs
[    0.173584] calling  genl_init+0x0/0x3b @ 1
[    0.173602] initcall genl_init+0x0/0x3b returned 0 after 16 usecs
[    0.173604] calling  ipv4_netfilter_init+0x0/0x17 @ 1
[    0.173606] initcall ipv4_netfilter_init+0x0/0x17 returned 0 after 0 usecs
[    0.173608] calling  cipso_v4_init+0x0/0x69 @ 1
[    0.173610] initcall cipso_v4_init+0x0/0x69 returned 0 after 0 usecs
[    0.173612] calling  wireless_nlevent_init+0x0/0x3e @ 1
[    0.173616] initcall wireless_nlevent_init+0x0/0x3e returned 0 after 1 usecs
[    0.173617] calling  netlbl_init+0x0/0x7e @ 1
[    0.173618] NetLabel: Initializing
[    0.173848] NetLabel:  domain hash size = 128
[    0.174102] NetLabel:  protocols = UNLABELED CIPSOv4 CALIPSO
[    0.174418] NetLabel:  unlabeled traffic allowed by default
[    0.174713] initcall netlbl_init+0x0/0x7e returned 0 after 1067 usecs
[    0.174716] calling  rfkill_init+0x0/0xf2 @ 1
[    0.174762] initcall rfkill_init+0x0/0xf2 returned 0 after 43 usecs
[    0.174767] calling  xen_mcfg_late+0x0/0xe6 @ 1
[    0.174769] initcall xen_mcfg_late+0x0/0xe6 returned 0 after 0 usecs
[    0.174771] calling  watchdog_init+0x0/0x8f @ 1
[    0.174826] initcall watchdog_init+0x0/0x8f returned 0 after 51 usecs
[    0.174867] calling  nmi_warning_debugfs+0x0/0x2c @ 1
[    0.174872] initcall nmi_warning_debugfs+0x0/0x2c returned 0 after 2 usecs
[    0.174875] calling  save_microcode_in_initrd+0x0/0xa0 @ 1
[    0.174888] initcall save_microcode_in_initrd+0x0/0xa0 returned -22 after 11 usecs
[    0.174891] calling  hpet_late_init+0x0/0x113 @ 1
[    0.174893] initcall hpet_late_init+0x0/0x113 returned -19 after 0 usecs
[    0.174895] calling  init_amd_nbs+0x0/0x11f @ 1
[    0.174900] initcall init_amd_nbs+0x0/0x11f returned 0 after 3 usecs
[    0.174903] calling  sugov_register+0x0/0x17 @ 1
[    0.174906] initcall sugov_register+0x0/0x17 returned 0 after 1 usecs
[    0.174908] calling  clocksource_done_booting+0x0/0x47 @ 1
[    0.174922] clocksource: Switched to clocksource kvm-clock
[    0.175218] initcall clocksource_done_booting+0x0/0x47 returned 0 after 300 usecs
[    0.175220] calling  tracer_init_tracefs+0x0/0x1ba @ 1
[    0.178995] initcall tracer_init_tracefs+0x0/0x1ba returned 0 after 3677 usecs
[    0.179001] calling  init_trace_printk_function_export+0x0/0x32 @ 1
[    0.179006] initcall init_trace_printk_function_export+0x0/0x32 returned 0 after 1 usecs
[    0.179008] calling  init_graph_tracefs+0x0/0x32 @ 1
[    0.179020] initcall init_graph_tracefs+0x0/0x32 returned 0 after 9 usecs
[    0.179022] calling  event_trace_init+0x0/0x2c2 @ 1
[    0.202772] initcall event_trace_init+0x0/0x2c2 returned 0 after 23177 usecs
[    0.202779] calling  init_kprobe_trace+0x0/0x91 @ 1
[    0.202785] initcall init_kprobe_trace+0x0/0x91 returned 0 after 3 usecs
[    0.202787] calling  init_uprobe_trace+0x0/0x54 @ 1
[    0.202792] initcall init_uprobe_trace+0x0/0x54 returned 0 after 2 usecs
[    0.202795] calling  bpf_init+0x0/0x4c @ 1
[    0.202811] initcall bpf_init+0x0/0x4c returned 0 after 12 usecs
[    0.202815] calling  init_pipe_fs+0x0/0x4c @ 1
[    0.202847] initcall init_pipe_fs+0x0/0x4c returned 0 after 28 usecs
[    0.202850] calling  cgroup_writeback_init+0x0/0x30 @ 1
[    0.202879] initcall cgroup_writeback_init+0x0/0x30 returned 0 after 25 usecs
[    0.202881] calling  inotify_user_setup+0x0/0x4d @ 1
[    0.202892] initcall inotify_user_setup+0x0/0x4d returned 0 after 7 usecs
[    0.202894] calling  eventpoll_init+0x0/0xc7 @ 1
[    0.202971] initcall eventpoll_init+0x0/0xc7 returned 0 after 71 usecs
[    0.202973] calling  anon_inode_init+0x0/0x60 @ 1
[    0.202982] initcall anon_inode_init+0x0/0x60 returned 0 after 6 usecs
[    0.202984] calling  init_dax_wait_table+0x0/0x47 @ 1
[    0.203009] initcall init_dax_wait_table+0x0/0x47 returned 0 after 20 usecs
[    0.203011] calling  proc_locks_init+0x0/0x24 @ 1
[    0.203020] initcall proc_locks_init+0x0/0x24 returned 0 after 5 usecs
[    0.203022] calling  dquot_init+0x0/0x11f @ 1
[    0.203024] VFS: Disk quotas dquot_6.6.0
[    0.203460] VFS: Dquot-cache hash table entries: 512 (order 0, 4096 bytes)
[    0.203939] initcall dquot_init+0x0/0x11f returned 0 after 892 usecs
[    0.203942] calling  quota_init+0x0/0x29 @ 1
[    0.203961] initcall quota_init+0x0/0x29 returned 0 after 16 usecs
[    0.203964] calling  proc_cmdline_init+0x0/0x24 @ 1
[    0.203969] initcall proc_cmdline_init+0x0/0x24 returned 0 after 2 usecs
[    0.203972] calling  proc_consoles_init+0x0/0x24 @ 1
[    0.203976] initcall proc_consoles_init+0x0/0x24 returned 0 after 1 usecs
[    0.203979] calling  proc_cpuinfo_init+0x0/0x24 @ 1
[    0.203992] initcall proc_cpuinfo_init+0x0/0x24 returned 0 after 9 usecs
[    0.203994] calling  proc_devices_init+0x0/0x24 @ 1
[    0.203999] initcall proc_devices_init+0x0/0x24 returned 0 after 1 usecs
[    0.204001] calling  proc_interrupts_init+0x0/0x24 @ 1
[    0.204006] initcall proc_interrupts_init+0x0/0x24 returned 0 after 1 usecs
[    0.204008] calling  proc_loadavg_init+0x0/0x24 @ 1
[    0.204012] initcall proc_loadavg_init+0x0/0x24 returned 0 after 1 usecs
[    0.204015] calling  proc_meminfo_init+0x0/0x24 @ 1
[    0.204019] initcall proc_meminfo_init+0x0/0x24 returned 0 after 0 usecs
[    0.204021] calling  proc_stat_init+0x0/0x24 @ 1
[    0.204025] initcall proc_stat_init+0x0/0x24 returned 0 after 0 usecs
[    0.204028] calling  proc_uptime_init+0x0/0x24 @ 1
[    0.204032] initcall proc_uptime_init+0x0/0x24 returned 0 after 0 usecs
[    0.204034] calling  proc_version_init+0x0/0x24 @ 1
[    0.204038] initcall proc_version_init+0x0/0x24 returned 0 after 0 usecs
[    0.204040] calling  proc_softirqs_init+0x0/0x24 @ 1
[    0.204044] initcall proc_softirqs_init+0x0/0x24 returned 0 after 1 usecs
[    0.204047] calling  proc_kcore_init+0x0/0x19d @ 1
[    0.204056] initcall proc_kcore_init+0x0/0x19d returned 0 after 5 usecs
[    0.204058] calling  vmcore_init+0x0/0x38 @ 1
[    0.204062] initcall vmcore_init+0x0/0x38 returned 0 after 1 usecs
[    0.204065] calling  proc_kmsg_init+0x0/0x27 @ 1
[    0.204069] initcall proc_kmsg_init+0x0/0x27 returned 0 after 1 usecs
[    0.204071] calling  proc_page_init+0x0/0x5b @ 1
[    0.204076] initcall proc_page_init+0x0/0x5b returned 0 after 2 usecs
[    0.204080] calling  init_ramfs_fs+0x0/0x26 @ 1
[    0.204083] initcall init_ramfs_fs+0x0/0x26 returned 0 after 0 usecs
[    0.204085] calling  init_hugetlbfs_fs+0x0/0x17d @ 1
[    0.204154] initcall init_hugetlbfs_fs+0x0/0x17d returned 0 after 64 usecs
[    0.204157] calling  tomoyo_initerface_init+0x0/0x1a1 @ 1
[    0.204160] initcall tomoyo_initerface_init+0x0/0x1a1 returned 0 after 0 usecs
[    0.204162] calling  aa_create_aafs+0x0/0x3a5 @ 1
[    0.204316] AppArmor: AppArmor Filesystem Enabled
[    0.204876] initcall aa_create_aafs+0x0/0x3a5 returned 0 after 692 usecs
[    0.204880] calling  blk_scsi_ioctl_init+0x0/0x391 @ 1
[    0.204884] initcall blk_scsi_ioctl_init+0x0/0x391 returned 0 after 0 usecs
[    0.204887] calling  dynamic_debug_init_debugfs+0x0/0x67 @ 1
[    0.204905] initcall dynamic_debug_init_debugfs+0x0/0x67 returned 0 after 14 usecs
[    0.204908] calling  simplefb_init+0x0/0x19 @ 1
[    0.204937] initcall simplefb_init+0x0/0x19 returned 0 after 26 usecs
[    0.204940] calling  acpi_event_init+0x0/0x35 @ 1
[    0.204950] initcall acpi_event_init+0x0/0x35 returned 0 after 6 usecs
[    0.204953] calling  pnp_system_init+0x0/0x17 @ 1
[    0.204972] initcall pnp_system_init+0x0/0x17 returned 0 after 15 usecs
[    0.204975] calling  pnpacpi_init+0x0/0x73 @ 1
[    0.204976] pnp: PnP ACPI init
[    0.205445] pnp 00:00: Plug and Play ACPI device, IDs PNP0303 (active)
[    0.205582] pnp 00:01: Plug and Play ACPI device, IDs PNP0f03 (active)
[    0.207006] pnp: PnP ACPI: found 2 devices
[    0.207503] initcall pnpacpi_init+0x0/0x73 returned 0 after 2464 usecs
[    0.207506] calling  chr_dev_init+0x0/0xad @ 1
[    0.210291] initcall chr_dev_init+0x0/0xad returned 0 after 2710 usecs
[    0.210298] calling  firmware_class_init+0x0/0xd4 @ 1
[    0.210318] initcall firmware_class_init+0x0/0xd4 returned 0 after 17 usecs
[    0.210321] calling  thermal_init+0x0/0xf4 @ 1
[    0.210343] initcall thermal_init+0x0/0xf4 returned 0 after 19 usecs
[    0.210345] calling  cpufreq_gov_performance_init+0x0/0x17 @ 1
[    0.210348] initcall cpufreq_gov_performance_init+0x0/0x17 returned 0 after 1 usecs
[    0.210350] calling  map_properties+0x0/0x507 @ 1
[    0.210353] initcall map_properties+0x0/0x507 returned 0 after 0 usecs
[    0.210355] calling  init_acpi_pm_clocksource+0x0/0xdc @ 1
[    0.214974] clocksource: acpi_pm: mask: 0xffffff max_cycles: 0xffffff, max_idle_ns: 2085701024 ns
[    0.215563] initcall init_acpi_pm_clocksource+0x0/0xdc returned 0 after 5077 usecs
[    0.215566] calling  pcibios_assign_resources+0x0/0xc7 @ 1
[    0.215586] pci_bus 0000:00: resource 4 [io  0x0000-0x0cf7 window]
[    0.215589] pci_bus 0000:00: resource 5 [io  0x0d00-0xffff window]
[    0.215592] pci_bus 0000:00: resource 6 [mem 0x000a0000-0x000bffff window]
[    0.215595] pci_bus 0000:00: resource 7 [mem 0x80000000-0xfdffffff window]
[    0.215640] initcall pcibios_assign_resources+0x0/0xc7 returned 0 after 68 usecs
[    0.215642] calling  sysctl_core_init+0x0/0x31 @ 1
[    0.215668] initcall sysctl_core_init+0x0/0x31 returned 0 after 22 usecs
[    0.215670] calling  eth_offload_init+0x0/0x19 @ 1
[    0.215673] initcall eth_offload_init+0x0/0x19 returned 0 after 1 usecs
[    0.215675] calling  inet_init+0x0/0x28a @ 1
[    0.215827] NET: Registered protocol family 2
[    0.216610] TCP established hash table entries: 16384 (order: 5, 131072 bytes)
[    0.217059] TCP bind hash table entries: 16384 (order: 6, 262144 bytes)
[    0.217450] TCP: Hash tables configured (established 16384 bind 16384)
[    0.217825] UDP hash table entries: 1024 (order: 3, 32768 bytes)
[    0.218143] UDP-Lite hash table entries: 1024 (order: 3, 32768 bytes)
[    0.218549] initcall inet_init+0x0/0x28a returned 0 after 2799 usecs
[    0.218552] calling  ipv4_offload_init+0x0/0x79 @ 1
[    0.218555] initcall ipv4_offload_init+0x0/0x79 returned 0 after 1 usecs
[    0.218558] calling  af_unix_init+0x0/0x53 @ 1
[    0.218559] NET: Registered protocol family 1
[    0.218827] initcall af_unix_init+0x0/0x53 returned 0 after 261 usecs
[    0.218829] calling  ipv6_offload_init+0x0/0x84 @ 1
[    0.218832] initcall ipv6_offload_init+0x0/0x84 returned 0 after 1 usecs
[    0.218836] calling  pci_apply_final_quirks+0x0/0x127 @ 1
[    0.218845] pci 0000:00:00.0: Limiting direct PCI/PCI transfers
[    0.219193] pci 0000:00:01.0: Activating ISA DMA hang workarounds
[    0.219589] pci 0000:00:02.0: Video device with shadowed ROM at [mem 0x000c0000-0x000dffff]
[    0.222393] PCI: CLS 0 bytes, default 64
[    0.222405] initcall pci_apply_final_quirks+0x0/0x127 returned 0 after 3475 usecs
[    0.222409] calling  acpi_reserve_resources+0x0/0xf0 @ 1
[    0.222415] initcall acpi_reserve_resources+0x0/0xf0 returned 0 after 3 usecs
[    0.222420] calling  populate_rootfs+0x0/0x10f @ 1
[    0.222516] Unpacking initramfs...
[    1.303447] Freeing initrd memory: 54892K
[    1.303827] initcall populate_rootfs+0x0/0x10f returned 0 after 1056051 usecs
[    1.303832] calling  pci_iommu_init+0x0/0x44 @ 1
[    1.303835] initcall pci_iommu_init+0x0/0x44 returned 0 after 1 usecs
[    1.303838] calling  calgary_fixup_tce_spaces+0x0/0x106 @ 1
[    1.303841] initcall calgary_fixup_tce_spaces+0x0/0x106 returned -19 after 0 usecs
[    1.303846] calling  ir_dev_scope_init+0x0/0x38 @ 1
[    1.303848] initcall ir_dev_scope_init+0x0/0x38 returned 0 after 0 usecs
[    1.303891] calling  ia32_binfmt_init+0x0/0x19 @ 1
[    1.303900] initcall ia32_binfmt_init+0x0/0x19 returned 0 after 7 usecs
[    1.303902] calling  amd_uncore_init+0x0/0x27a @ 1
[    1.303905] initcall amd_uncore_init+0x0/0x27a returned -19 after 0 usecs
[    1.303906] calling  amd_ibs_init+0x0/0x194 @ 1
[    1.303909] initcall amd_ibs_init+0x0/0x194 returned -19 after 0 usecs
[    1.303910] calling  amd_iommu_pc_init+0x0/0x22a @ 1
[    1.303913] initcall amd_iommu_pc_init+0x0/0x22a returned -19 after 0 usecs
[    1.303915] calling  msr_init+0x0/0xf2 @ 1
[    1.303926] initcall msr_init+0x0/0xf2 returned 0 after 9 usecs
[    1.303928] calling  intel_uncore_init+0x0/0x24d @ 1
[    1.303931] initcall intel_uncore_init+0x0/0x24d returned -19 after 1 usecs
[    1.303934] calling  register_kernel_offset_dumper+0x0/0x20 @ 1
[    1.303938] initcall register_kernel_offset_dumper+0x0/0x20 returned 0 after 1 usecs
[    1.303939] calling  i8259A_init_ops+0x0/0x29 @ 1
[    1.303942] initcall i8259A_init_ops+0x0/0x29 returned 0 after 0 usecs
[    1.303943] calling  init_tsc_clocksource+0x0/0xcc @ 1
[    1.303949] initcall init_tsc_clocksource+0x0/0xcc returned 0 after 4 usecs
[    1.303951] calling  add_rtc_cmos+0x0/0xd4 @ 1
[    1.304112] platform rtc_cmos: registered platform RTC device (no PNP device found)
[    1.304548] initcall add_rtc_cmos+0x0/0xd4 returned 0 after 580 usecs
[    1.304549] calling  i8237A_init_ops+0x0/0x19 @ 1
[    1.304552] initcall i8237A_init_ops+0x0/0x19 returned 0 after 0 usecs
[    1.304553] calling  thermal_throttle_init_device+0x0/0x47 @ 1
[    1.304556] initcall thermal_throttle_init_device+0x0/0x47 returned 0 after 0 usecs
[    1.304558] calling  ioapic_init_ops+0x0/0x19 @ 1
[    1.304560] initcall ioapic_init_ops+0x0/0x19 returned 0 after 0 usecs
[    1.304561] calling  register_e820_pmem+0x0/0x49 @ 1
[    1.304568] initcall register_e820_pmem+0x0/0x49 returned 0 after 4 usecs
[    1.304569] calling  add_pcspkr+0x0/0x70 @ 1
[    1.304585] initcall add_pcspkr+0x0/0x70 returned 0 after 13 usecs
[    1.304590] calling  start_periodic_check_for_corruption+0x0/0x60 @ 1
[    1.304591] Scanning for low memory corruption every 60 seconds
[    1.304903] initcall start_periodic_check_for_corruption+0x0/0x60 returned 0 after 303 usecs
[    1.304905] calling  sysfb_init+0x0/0x9f @ 1
[    1.304958] initcall sysfb_init+0x0/0x9f returned 0 after 50 usecs
[    1.304960] calling  audit_classes_init+0x0/0xb4 @ 1
[    1.304973] initcall audit_classes_init+0x0/0xb4 returned 0 after 11 usecs
[    1.304975] calling  pt_dump_init+0x0/0x37 @ 1
[    1.304977] initcall pt_dump_init+0x0/0x37 returned 0 after 0 usecs
[    1.304980] calling  crc32c_intel_mod_init+0x0/0x5c @ 1
[    1.305071] initcall crc32c_intel_mod_init+0x0/0x5c returned 0 after 86 usecs
[    1.305073] calling  iosf_mbi_init+0x0/0xbe @ 1
[    1.305119] initcall iosf_mbi_init+0x0/0xbe returned 0 after 42 usecs
[    1.305120] calling  proc_execdomains_init+0x0/0x24 @ 1
[    1.305127] initcall proc_execdomains_init+0x0/0x24 returned 0 after 4 usecs
[    1.305128] calling  register_warn_debugfs+0x0/0x29 @ 1
[    1.305131] initcall register_warn_debugfs+0x0/0x29 returned 0 after 1 usecs
[    1.305132] calling  cpuhp_sysfs_init+0x0/0x95 @ 1
[    1.305142] initcall cpuhp_sysfs_init+0x0/0x95 returned 0 after 7 usecs
[    1.305143] calling  ioresources_init+0x0/0x3b @ 1
[    1.305148] initcall ioresources_init+0x0/0x3b returned 0 after 3 usecs
[    1.305150] calling  init_sched_debug_procfs+0x0/0x2e @ 1
[    1.305153] initcall init_sched_debug_procfs+0x0/0x2e returned 0 after 1 usecs
[    1.305155] calling  snapshot_device_init+0x0/0x17 @ 1
[    1.305213] initcall snapshot_device_init+0x0/0x17 returned 0 after 54 usecs
[    1.305215] calling  irq_gc_init_ops+0x0/0x19 @ 1
[    1.305217] initcall irq_gc_init_ops+0x0/0x19 returned 0 after 0 usecs
[    1.305219] calling  irq_pm_init_ops+0x0/0x19 @ 1
[    1.305221] initcall irq_pm_init_ops+0x0/0x19 returned 0 after 0 usecs
[    1.305223] calling  klp_init+0x0/0x2e @ 1
[    1.305247] initcall klp_init+0x0/0x2e returned 0 after 21 usecs
[    1.305249] calling  timekeeping_init_ops+0x0/0x19 @ 1
[    1.305251] initcall timekeeping_init_ops+0x0/0x19 returned 0 after 0 usecs
[    1.305253] calling  init_clocksource_sysfs+0x0/0x6e @ 1
[    1.305292] initcall init_clocksource_sysfs+0x0/0x6e returned 0 after 35 usecs
[    1.305294] calling  init_timer_list_procfs+0x0/0x2e @ 1
[    1.305297] initcall init_timer_list_procfs+0x0/0x2e returned 0 after 1 usecs
[    1.305298] calling  alarmtimer_init+0x0/0x135 @ 1
[    1.305341] initcall alarmtimer_init+0x0/0x135 returned 0 after 39 usecs
[    1.305343] calling  init_posix_timers+0x0/0x2f @ 1
[    1.305389] initcall init_posix_timers+0x0/0x2f returned 0 after 42 usecs
[    1.305391] calling  clockevents_init_sysfs+0x0/0xce @ 1
[    1.305428] initcall clockevents_init_sysfs+0x0/0xce returned 0 after 33 usecs
[    1.305429] calling  proc_dma_init+0x0/0x24 @ 1
[    1.305432] initcall proc_dma_init+0x0/0x24 returned 0 after 0 usecs
[    1.305434] calling  proc_modules_init+0x0/0x24 @ 1
[    1.305437] initcall proc_modules_init+0x0/0x24 returned 0 after 0 usecs
[    1.305439] calling  kallsyms_init+0x0/0x27 @ 1
[    1.305450] initcall kallsyms_init+0x0/0x27 returned 0 after 9 usecs
[    1.305453] calling  pid_namespaces_init+0x0/0x45 @ 1
[    1.305490] initcall pid_namespaces_init+0x0/0x45 returned 0 after 34 usecs
[    1.305492] calling  audit_watch_init+0x0/0x3f @ 1
[    1.305495] initcall audit_watch_init+0x0/0x3f returned 0 after 0 usecs
[    1.305497] calling  audit_fsnotify_init+0x0/0x3f @ 1
[    1.305499] initcall audit_fsnotify_init+0x0/0x3f returned 0 after 0 usecs
[    1.305501] calling  audit_tree_init+0x0/0x52 @ 1
[    1.305504] initcall audit_tree_init+0x0/0x52 returned 0 after 0 usecs
[    1.305506] calling  init_kprobes+0x0/0x1dc @ 1
[    1.305743] initcall init_kprobes+0x0/0x1dc returned 0 after 229 usecs
[    1.305745] calling  seccomp_sysctl_init+0x0/0x31 @ 1
[    1.305752] initcall seccomp_sysctl_init+0x0/0x31 returned 0 after 5 usecs
[    1.305754] calling  utsname_sysctl_init+0x0/0x19 @ 1
[    1.305767] initcall utsname_sysctl_init+0x0/0x19 returned 0 after 10 usecs
[    1.305769] calling  init_tracepoints+0x0/0x2d @ 1
[    1.305771] initcall init_tracepoints+0x0/0x2d returned 0 after 0 usecs
[    1.305773] calling  stack_trace_init+0x0/0xb5 @ 1
[    1.305799] initcall stack_trace_init+0x0/0xb5 returned 0 after 24 usecs
[    1.305801] calling  init_mmio_trace+0x0/0x12 @ 1
[    1.305807] initcall init_mmio_trace+0x0/0x12 returned 0 after 4 usecs
[    1.305808] calling  init_blk_tracer+0x0/0x56 @ 1
[    1.305825] initcall init_blk_tracer+0x0/0x56 returned 0 after 15 usecs
[    1.305827] calling  perf_event_sysfs_init+0x0/0x8d @ 1
[    1.305916] initcall perf_event_sysfs_init+0x0/0x8d returned 0 after 84 usecs
[    1.305917] calling  init_uprobes+0x0/0x76 @ 1
[    1.305922] initcall init_uprobes+0x0/0x76 returned 0 after 2 usecs
[    1.305923] calling  padata_driver_init+0x0/0x3e @ 1
[    1.305927] initcall padata_driver_init+0x0/0x3e returned 0 after 1 usecs
[    1.305928] calling  system_trusted_keyring_init+0x0/0xfb @ 1
[    1.305929] Initialise system trusted keyrings
[    1.306279] initcall system_trusted_keyring_init+0x0/0xfb returned 0 after 339 usecs
[    1.306281] calling  blacklist_init+0x0/0xab @ 1
[    1.306284] Key type blacklist registered
[    1.306545] initcall blacklist_init+0x0/0xab returned 0 after 256 usecs
[    1.306547] calling  kswapd_init+0x0/0x95 @ 1
[    1.306608] initcall kswapd_init+0x0/0x95 returned 0 after 57 usecs
[    1.306610] calling  extfrag_debug_init+0x0/0x7d @ 1
[    1.306617] initcall extfrag_debug_init+0x0/0x7d returned 0 after 4 usecs
[    1.306619] calling  mm_compute_batch_init+0x0/0x1e @ 1
[    1.306622] initcall mm_compute_batch_init+0x0/0x1e returned 0 after 1 usecs
[    1.306624] calling  slab_proc_init+0x0/0x27 @ 1
[    1.306628] initcall slab_proc_init+0x0/0x27 returned 0 after 1 usecs
[    1.306629] calling  workingset_init+0x0/0x84 @ 1
[    1.306631] workingset: timestamp_bits=36 max_order=19 bucket_order=0
[    1.306959] initcall workingset_init+0x0/0x84 returned 0 after 319 usecs
[    1.306961] calling  proc_vmalloc_init+0x0/0x27 @ 1
[    1.306964] initcall proc_vmalloc_init+0x0/0x27 returned 0 after 0 usecs
[    1.306966] calling  procswaps_init+0x0/0x24 @ 1
[    1.306969] initcall procswaps_init+0x0/0x24 returned 0 after 1 usecs
[    1.306971] calling  init_frontswap+0x0/0x96 @ 1
[    1.306990] initcall init_frontswap+0x0/0x96 returned 0 after 17 usecs
[    1.306991] calling  slab_sysfs_init+0x0/0x101 @ 1
[    1.310069] initcall slab_sysfs_init+0x0/0x101 returned 0 after 2995 usecs
[    1.310075] calling  init_cleancache+0x0/0x96 @ 1
[    1.310094] initcall init_cleancache+0x0/0x96 returned 0 after 15 usecs
[    1.310096] calling  init_zbud+0x0/0x25 @ 1
[    1.310097] zbud: loaded
[    1.310420] initcall init_zbud+0x0/0x25 returned 0 after 313 usecs
[    1.310422] calling  zs_init+0x0/0x79 @ 1
[    1.310457] initcall zs_init+0x0/0x79 returned 0 after 31 usecs
[    1.310459] calling  hmm_init+0x0/0x69 @ 1
[    1.310472] initcall hmm_init+0x0/0x69 returned 0 after 9 usecs
[    1.310474] calling  fcntl_init+0x0/0x2f @ 1
[    1.310482] initcall fcntl_init+0x0/0x2f returned 0 after 4 usecs
[    1.310484] calling  proc_filesystems_init+0x0/0x24 @ 1
[    1.310491] initcall proc_filesystems_init+0x0/0x24 returned 0 after 4 usecs
[    1.310494] calling  start_dirtytime_writeback+0x0/0x2f @ 1
[    1.310499] initcall start_dirtytime_writeback+0x0/0x2f returned 0 after 2 usecs
[    1.310501] calling  blkdev_init+0x0/0x2f @ 1
[    1.310511] initcall blkdev_init+0x0/0x2f returned 0 after 6 usecs
[    1.310513] calling  dio_init+0x0/0x32 @ 1
[    1.310596] initcall dio_init+0x0/0x32 returned 0 after 78 usecs
[    1.310599] calling  dnotify_init+0x0/0x7e @ 1
[    1.310613] initcall dnotify_init+0x0/0x7e returned 0 after 11 usecs
[    1.310616] calling  fanotify_user_setup+0x0/0x7c @ 1
[    1.310624] initcall fanotify_user_setup+0x0/0x7c returned 0 after 5 usecs
[    1.310626] calling  userfaultfd_init+0x0/0x33 @ 1
[    1.310684] initcall userfaultfd_init+0x0/0x33 returned 0 after 54 usecs
[    1.310687] calling  aio_setup+0x0/0xa6 @ 1
[    1.310700] initcall aio_setup+0x0/0xa6 returned 0 after 10 usecs
[    1.310702] calling  fscrypt_init+0x0/0xa9 @ 1
[    1.310855] initcall fscrypt_init+0x0/0xa9 returned 0 after 146 usecs
[    1.310858] calling  init_sys32_ioctl+0x0/0x2d @ 1
[    1.311311] initcall init_sys32_ioctl+0x0/0x2d returned 0 after 439 usecs
[    1.311314] calling  mbcache_init+0x0/0x36 @ 1
[    1.311376] initcall mbcache_init+0x0/0x36 returned 0 after 57 usecs
[    1.311379] calling  proc_version_signature_init+0x0/0x24 @ 1
[    1.311385] initcall proc_version_signature_init+0x0/0x24 returned 0 after 2 usecs
[    1.311387] calling  init_devpts_fs+0x0/0x2d @ 1
[    1.311406] initcall init_devpts_fs+0x0/0x2d returned 0 after 15 usecs
[    1.311409] calling  ext4_init_fs+0x0/0x18f @ 1
[    1.311662] initcall ext4_init_fs+0x0/0x18f returned 0 after 244 usecs
[    1.311664] calling  journal_init+0x0/0x111 @ 1
[    1.311800] initcall journal_init+0x0/0x111 returned 0 after 129 usecs
[    1.311802] calling  init_squashfs_fs+0x0/0x70 @ 1
[    1.311867] squashfs: version 4.0 (2009/01/31) Phillip Lougher
[    1.312215] initcall init_squashfs_fs+0x0/0x70 returned 0 after 403 usecs
[    1.312215] calling  init_fat_fs+0x0/0x4f @ 1
[    1.312215] initcall init_fat_fs+0x0/0x4f returned 0 after 0 usecs
[    1.312215] calling  init_vfat_fs+0x0/0x17 @ 1
[    1.312215] initcall init_vfat_fs+0x0/0x17 returned 0 after 0 usecs
[    1.312215] calling  ecryptfs_init+0x0/0x1a7 @ 1
[    1.312215] initcall ecryptfs_init+0x0/0x1a7 returned 0 after 0 usecs
[    1.312215] calling  init_nls_cp437+0x0/0x19 @ 1
[    1.312215] initcall init_nls_cp437+0x0/0x19 returned 0 after 0 usecs
[    1.312215] calling  fuse_init+0x0/0x1ad @ 1
[    1.312215] fuse init (API version 7.26)
[    1.313359] initcall fuse_init+0x0/0x1ad returned 0 after 1112 usecs
[    1.313361] calling  init_pstore_fs+0x0/0x4c @ 1
[    1.313365] initcall init_pstore_fs+0x0/0x4c returned 0 after 1 usecs
[    1.313367] calling  efivarfs_init+0x0/0x39 @ 1
[    1.313371] initcall efivarfs_init+0x0/0x39 returned -19 after 0 usecs
[    1.313373] calling  ipc_init+0x0/0x55 @ 1
[    1.313403] initcall ipc_init+0x0/0x55 returned 0 after 27 usecs
[    1.313406] calling  ipc_sysctl_init+0x0/0x19 @ 1
[    1.313425] initcall ipc_sysctl_init+0x0/0x19 returned 0 after 16 usecs
[    1.313427] calling  init_mqueue_fs+0x0/0xf8 @ 1
[    1.313515] initcall init_mqueue_fs+0x0/0xf8 returned 0 after 83 usecs
[    1.313518] calling  key_proc_init+0x0/0x5d @ 1
[    1.313531] initcall key_proc_init+0x0/0x5d returned 0 after 10 usecs
[    1.313533] calling  selinux_nf_ip_init+0x0/0x43 @ 1
[    1.313537] initcall selinux_nf_ip_init+0x0/0x43 returned 0 after 0 usecs
[    1.313539] calling  init_sel_fs+0x0/0xa3 @ 1
[    1.313541] initcall init_sel_fs+0x0/0xa3 returned 0 after 0 usecs
[    1.313544] calling  selnl_init+0x0/0x7c @ 1
[    1.313580] initcall selnl_init+0x0/0x7c returned 0 after 33 usecs
[    1.313582] calling  sel_netif_init+0x0/0x43 @ 1
[    1.313585] initcall sel_netif_init+0x0/0x43 returned 0 after 0 usecs
[    1.313587] calling  sel_netnode_init+0x0/0x4d @ 1
[    1.313590] initcall sel_netnode_init+0x0/0x4d returned 0 after 0 usecs
[    1.313592] calling  sel_netport_init+0x0/0x4d @ 1
[    1.313595] initcall sel_netport_init+0x0/0x4d returned 0 after 0 usecs
[    1.313597] calling  aurule_init+0x0/0x30 @ 1
[    1.313600] initcall aurule_init+0x0/0x30 returned 0 after 0 usecs
[    1.313602] calling  init_smk_fs+0x0/0x119 @ 1
[    1.313606] initcall init_smk_fs+0x0/0x119 returned 0 after 0 usecs
[    1.313608] calling  smack_nf_ip_init+0x0/0x2e @ 1
[    1.313611] initcall smack_nf_ip_init+0x0/0x2e returned 0 after 0 usecs
[    1.313614] calling  crypto_algapi_init+0x0/0x12 @ 1
[    1.313619] initcall crypto_algapi_init+0x0/0x12 returned 0 after 2 usecs
[    1.313622] calling  seqiv_module_init+0x0/0x17 @ 1
[    1.313626] initcall seqiv_module_init+0x0/0x17 returned 0 after 1 usecs
[    1.313632] calling  dh_init+0x0/0x20 @ 1
[    1.313698] initcall dh_init+0x0/0x20 returned 0 after 61 usecs
[    1.313701] calling  rsa_init+0x0/0x50 @ 1
[    1.313770] initcall rsa_init+0x0/0x50 returned 0 after 64 usecs
[    1.313773] calling  hmac_module_init+0x0/0x17 @ 1
[    1.313776] initcall hmac_module_init+0x0/0x17 returned 0 after 0 usecs
[    1.313778] calling  crypto_null_mod_init+0x0/0x4d @ 1
[    1.313923] initcall crypto_null_mod_init+0x0/0x4d returned 0 after 138 usecs
[    1.313926] calling  md5_mod_init+0x0/0x17 @ 1
[    1.313980] initcall md5_mod_init+0x0/0x17 returned 0 after 50 usecs
[    1.313983] calling  sha1_generic_mod_init+0x0/0x17 @ 1
[    1.314075] initcall sha1_generic_mod_init+0x0/0x17 returned 0 after 86 usecs
[    1.314078] calling  sha256_generic_mod_init+0x0/0x1c @ 1
[    1.314154] initcall sha256_generic_mod_init+0x0/0x1c returned 0 after 71 usecs
[    1.314157] calling  sha512_generic_mod_init+0x0/0x1c @ 1
[    1.314237] initcall sha512_generic_mod_init+0x0/0x1c returned 0 after 75 usecs
[    1.314240] calling  crypto_ecb_module_init+0x0/0x17 @ 1
[    1.314243] initcall crypto_ecb_module_init+0x0/0x17 returned 0 after 0 usecs
[    1.314246] calling  crypto_cbc_module_init+0x0/0x17 @ 1
[    1.314249] initcall crypto_cbc_module_init+0x0/0x17 returned 0 after 0 usecs
[    1.314252] calling  crypto_cts_module_init+0x0/0x17 @ 1
[    1.314255] initcall crypto_cts_module_init+0x0/0x17 returned 0 after 0 usecs
[    1.314258] calling  crypto_module_init+0x0/0x17 @ 1
[    1.314261] initcall crypto_module_init+0x0/0x17 returned 0 after 0 usecs
[    1.314263] calling  crypto_ctr_module_init+0x0/0x3e @ 1
[    1.314267] initcall crypto_ctr_module_init+0x0/0x3e returned 0 after 0 usecs
[    1.314269] calling  crypto_gcm_module_init+0x0/0xb7 @ 1
[    1.314275] initcall crypto_gcm_module_init+0x0/0xb7 returned 0 after 2 usecs
[    1.314277] calling  aes_init+0x0/0x17 @ 1
[    1.314316] initcall aes_init+0x0/0x17 returned 0 after 34 usecs
[    1.314318] calling  crc32c_mod_init+0x0/0x17 @ 1
[    1.314356] initcall crc32c_mod_init+0x0/0x17 returned 0 after 33 usecs
[    1.314358] calling  crct10dif_mod_init+0x0/0x17 @ 1
[    1.314404] initcall crct10dif_mod_init+0x0/0x17 returned 0 after 41 usecs
[    1.314407] calling  lzo_mod_init+0x0/0x3f @ 1
[    1.314488] initcall lzo_mod_init+0x0/0x3f returned 0 after 76 usecs
[    1.314491] calling  drbg_init+0x0/0x8d @ 1
[    1.315379] initcall drbg_init+0x0/0x8d returned 0 after 863 usecs
[    1.315382] calling  jent_mod_init+0x0/0x35 @ 1
[    1.315656] initcall jent_mod_init+0x0/0x35 returned 0 after 264 usecs
[    1.315659] calling  ghash_mod_init+0x0/0x17 @ 1
[    1.315697] initcall ghash_mod_init+0x0/0x17 returned 0 after 34 usecs
[    1.315700] calling  asymmetric_key_init+0x0/0x17 @ 1
[    1.315703] Key type asymmetric registered
[    1.316069] initcall asymmetric_key_init+0x0/0x17 returned 0 after 357 usecs
[    1.316072] calling  x509_key_init+0x0/0x17 @ 1
[    1.316074] Asymmetric key parser 'x509' registered
[    1.316453] initcall x509_key_init+0x0/0x17 returned 0 after 369 usecs
[    1.316457] calling  proc_genhd_init+0x0/0x3b @ 1
[    1.316464] initcall proc_genhd_init+0x0/0x3b returned 0 after 3 usecs
[    1.316467] calling  bsg_init+0x0/0x193 @ 1
[    1.316541] Block layer SCSI generic (bsg) driver version 0.4 loaded (major 246)
[    1.317857] initcall bsg_init+0x0/0x193 returned 0 after 1353 usecs
[    1.317860] calling  throtl_init+0x0/0x47 @ 1
[    1.317972] initcall throtl_init+0x0/0x47 returned 0 after 104 usecs
[    1.317974] calling  noop_init+0x0/0x17 @ 1
[    1.317977] io scheduler noop registered
[    1.318319] initcall noop_init+0x0/0x17 returned 0 after 333 usecs
[    1.318322] calling  deadline_init+0x0/0x17 @ 1
[    1.318323] io scheduler deadline registered
[    1.318723] initcall deadline_init+0x0/0x17 returned 0 after 387 usecs
[    1.318725] calling  cfq_init+0x0/0x79 @ 1
[    1.318875] io scheduler cfq registered (default)
[    1.319257] initcall cfq_init+0x0/0x79 returned 0 after 515 usecs
[    1.319260] calling  btree_module_init+0x0/0x2a @ 1
[    1.319266] initcall btree_module_init+0x0/0x2a returned 0 after 3 usecs
[    1.319269] calling  crc_t10dif_mod_init+0x0/0x3e @ 1
[    1.319277] initcall crc_t10dif_mod_init+0x0/0x3e returned 0 after 5 usecs
[    1.319280] calling  percpu_counter_startup+0x0/0x56 @ 1
[    1.319296] initcall percpu_counter_startup+0x0/0x56 returned 0 after 12 usecs
[    1.319299] calling  digsig_init+0x0/0x3b @ 1
[    1.319304] initcall digsig_init+0x0/0x3b returned 0 after 1 usecs
[    1.319306] calling  sg_pool_init+0x0/0xdc @ 1
[    1.319331] initcall sg_pool_init+0x0/0xdc returned 0 after 20 usecs
[    1.319333] calling  phy_core_init+0x0/0x50 @ 1
[    1.319352] initcall phy_core_init+0x0/0x50 returned 0 after 14 usecs
[    1.319355] calling  amd_gpio_driver_init+0x0/0x19 @ 1
[    1.319381] initcall amd_gpio_driver_init+0x0/0x19 returned 0 after 21 usecs
[    1.319383] calling  cnl_pinctrl_driver_init+0x0/0x19 @ 1
[    1.319394] initcall cnl_pinctrl_driver_init+0x0/0x19 returned 0 after 7 usecs
[    1.319396] calling  tps68470_gpio_driver_init+0x0/0x19 @ 1
[    1.319406] initcall tps68470_gpio_driver_init+0x0/0x19 returned 0 after 6 usecs
[    1.319408] calling  crystalcove_pwm_driver_init+0x0/0x19 @ 1
[    1.319417] initcall crystalcove_pwm_driver_init+0x0/0x19 returned 0 after 5 usecs
[    1.319419] calling  pci_proc_init+0x0/0x70 @ 1
[    1.319451] initcall pci_proc_init+0x0/0x70 returned 0 after 29 usecs
[    1.319453] calling  pcie_portdrv_init+0x0/0x78 @ 1
[    1.319496] initcall pcie_portdrv_init+0x0/0x78 returned 0 after 39 usecs
[    1.319498] calling  aer_service_init+0x0/0x3f @ 1
[    1.319515] initcall aer_service_init+0x0/0x3f returned 0 after 14 usecs
[    1.319517] calling  pcie_pme_service_init+0x0/0x17 @ 1
[    1.319524] initcall pcie_pme_service_init+0x0/0x17 returned 0 after 4 usecs
[    1.319526] calling  dpc_service_init+0x0/0x17 @ 1
[    1.319533] initcall dpc_service_init+0x0/0x17 returned 0 after 4 usecs
[    1.319535] calling  pci_hotplug_init+0x0/0x36 @ 1
[    1.319538] initcall pci_hotplug_init+0x0/0x36 returned 0 after 0 usecs
[    1.319540] calling  pcied_init+0x0/0x5b @ 1
[    1.319547] initcall pcied_init+0x0/0x5b returned 0 after 4 usecs
[    1.319549] calling  pci_ep_cfs_init+0x0/0xd3 @ 1
[    1.319588] initcall pci_ep_cfs_init+0x0/0xd3 returned 0 after 36 usecs
[    1.319590] calling  pci_epc_init+0x0/0x47 @ 1
[    1.319596] initcall pci_epc_init+0x0/0x47 returned 0 after 3 usecs
[    1.319598] calling  pci_epf_init+0x0/0x2f @ 1
[    1.319606] initcall pci_epf_init+0x0/0x2f returned 0 after 5 usecs
[    1.319608] calling  dw_plat_pcie_driver_init+0x0/0x19 @ 1
[    1.319616] initcall dw_plat_pcie_driver_init+0x0/0x19 returned 0 after 5 usecs
[    1.319618] calling  imsttfb_init+0x0/0x110 @ 1
[    1.319629] initcall imsttfb_init+0x0/0x110 returned 0 after 9 usecs
[    1.319631] calling  asiliantfb_init+0x0/0x39 @ 1
[    1.319650] initcall asiliantfb_init+0x0/0x39 returned 0 after 15 usecs
[    1.319652] calling  vesafb_driver_init+0x0/0x19 @ 1
[    1.319660] initcall vesafb_driver_init+0x0/0x19 returned 0 after 6 usecs
[    1.319662] calling  efifb_driver_init+0x0/0x19 @ 1
[    1.319671] initcall efifb_driver_init+0x0/0x19 returned 0 after 6 usecs
[    1.319673] calling  intel_idle_init+0x0/0x5e2 @ 1
[    1.319678] initcall intel_idle_init+0x0/0x5e2 returned -19 after 1 usecs
[    1.319681] calling  acpi_ac_init+0x0/0x83 @ 1
[    1.319984] ACPI: AC Adapter [AC] (off-line)
[    1.320363] initcall acpi_ac_init+0x0/0x83 returned 0 after 662 usecs
[    1.320366] calling  acpi_button_driver_init+0x0/0x23 @ 1
[    1.320434] input: Power Button as /devices/LNXSYSTM:00/LNXPWRBN:00/input/input0
[    1.321055] ACPI: Power Button [PWRF]
[    1.321548] input: Sleep Button as /devices/LNXSYSTM:00/LNXSLPBN:00/input/input1
[    1.322154] ACPI: Sleep Button [SLPF]
[    1.322542] initcall acpi_button_driver_init+0x0/0x23 returned 0 after 2121 usecs
[    1.322545] calling  acpi_fan_driver_init+0x0/0x19 @ 1
[    1.322556] initcall acpi_fan_driver_init+0x0/0x19 returned 0 after 8 usecs
[    1.322559] calling  acpi_processor_driver_init+0x0/0x9a @ 1
[    1.322659] initcall acpi_processor_driver_init+0x0/0x9a returned 0 after 94 usecs
[    1.322661] calling  acpi_thermal_init+0x0/0x84 @ 1
[    1.322790] initcall acpi_thermal_init+0x0/0x84 returned 0 after 122 usecs
[    1.322793] calling  acpi_battery_init+0x0/0x35 @ 1
[    1.322798] initcall acpi_battery_init+0x0/0x35 returned 0 after 2 usecs
[    1.322801] calling  acpi_hed_driver_init+0x0/0x17 @ 1
[    1.324157] initcall acpi_hed_driver_init+0x0/0x17 returned 0 after 1317 usecs
[    1.324161] calling  bgrt_init+0x0/0xba @ 1
[    1.324164] initcall bgrt_init+0x0/0xba returned -19 after 0 usecs
[    1.324167] calling  acpi_aml_init+0x0/0xd2 @ 1
[    1.324178] initcall acpi_aml_init+0x0/0xd2 returned 0 after 7 usecs
[    1.324180] calling  erst_init+0x0/0x317 @ 1
[    1.324184] initcall erst_init+0x0/0x317 returned 0 after 1 usecs
[    1.324187] calling  ghes_init+0x0/0x142 @ 1
[    1.324190] initcall ghes_init+0x0/0x142 returned -19 after 0 usecs
[    1.324193] calling  tps68470_pmic_opregion_driver_init+0x0/0x19 @ 1
[    1.324213] initcall tps68470_pmic_opregion_driver_init+0x0/0x19 returned 0 after 17 usecs
[    1.324216] calling  gpio_clk_driver_init+0x0/0x19 @ 1
[    1.324225] initcall gpio_clk_driver_init+0x0/0x19 returned 0 after 6 usecs
[    1.324228] calling  plt_clk_driver_init+0x0/0x19 @ 1
[    1.324237] initcall plt_clk_driver_init+0x0/0x19 returned 0 after 5 usecs
[    1.324240] calling  virtio_mmio_init+0x0/0x19 @ 1
[    1.324249] initcall virtio_mmio_init+0x0/0x19 returned 0 after 6 usecs
[    1.324251] calling  virtio_pci_driver_init+0x0/0x20 @ 1
[    1.324270] initcall virtio_pci_driver_init+0x0/0x20 returned 0 after 15 usecs
[    1.324273] calling  virtio_balloon_driver_init+0x0/0x17 @ 1
[    1.324282] initcall virtio_balloon_driver_init+0x0/0x17 returned 0 after 5 usecs
[    1.324285] calling  xenbus_probe_initcall+0x0/0x53 @ 1
[    1.324289] initcall xenbus_probe_initcall+0x0/0x53 returned -19 after 0 usecs
[    1.324292] calling  xenbus_init+0x0/0x3b @ 1
[    1.324295] initcall xenbus_init+0x0/0x3b returned -19 after 0 usecs
[    1.324298] calling  xenbus_backend_init+0x0/0x4d @ 1
[    1.324302] initcall xenbus_backend_init+0x0/0x4d returned -19 after 0 usecs
[    1.324304] calling  hypervisor_subsys_init+0x0/0x2a @ 1
[    1.324308] initcall hypervisor_subsys_init+0x0/0x2a returned -19 after 0 usecs
[    1.324311] calling  hyper_sysfs_init+0x0/0x191 @ 1
[    1.324314] initcall hyper_sysfs_init+0x0/0x191 returned -19 after 0 usecs
[    1.324317] calling  platform_driver_init+0x0/0x20 @ 1
[    1.324341] initcall platform_driver_init+0x0/0x20 returned 0 after 20 usecs
[    1.324344] calling  xen_late_init_mcelog+0x0/0x66 @ 1
[    1.324348] initcall xen_late_init_mcelog+0x0/0x66 returned -19 after 0 usecs
[    1.324352] calling  xen_acpi_processor_init+0x0/0x1d9 @ 1
[    1.324355] initcall xen_acpi_processor_init+0x0/0x1d9 returned -19 after 0 usecs
[    1.324357] calling  n_null_init+0x0/0x24 @ 1
[    1.324360] initcall n_null_init+0x0/0x24 returned 0 after 0 usecs
[    1.324361] calling  pty_init+0x0/0x34f @ 1
[    1.324960] ACPI: Battery Slot [BAT0] (battery present)
[    1.325422] initcall pty_init+0x0/0x34f returned 0 after 1032 usecs
[    1.325424] calling  sysrq_init+0x0/0x4f @ 1
[    1.325432] initcall sysrq_init+0x0/0x4f returned 0 after 5 usecs
[    1.325434] calling  xen_hvc_init+0x0/0x24b @ 1
[    1.325437] initcall xen_hvc_init+0x0/0x24b returned -19 after 0 usecs
[    1.325439] calling  serial8250_init+0x0/0x168 @ 1
[    1.325442] Serial: 8250/16550 driver, 32 ports, IRQ sharing enabled
[    1.328036] initcall serial8250_init+0x0/0x168 returned 0 after 2534 usecs
[    1.328036] calling  serial_pci_driver_init+0x0/0x20 @ 1
[    1.328036] initcall serial_pci_driver_init+0x0/0x20 returned 0 after 0 usecs
[    1.328036] calling  max310x_uart_init+0x0/0x3a @ 1
[    1.328036] initcall max310x_uart_init+0x0/0x3a returned 0 after 0 usecs
[    1.328036] calling  sccnxp_uart_driver_init+0x0/0x19 @ 1
[    1.328036] initcall sccnxp_uart_driver_init+0x0/0x19 returned 0 after 0 usecs
[    1.328036] calling  init_kgdboc+0x0/0x1c @ 1
[    1.328036] initcall init_kgdboc+0x0/0x1c returned 0 after 0 usecs
[    1.328036] calling  ttyprintk_init+0x0/0x107 @ 1
[    1.328036] initcall ttyprintk_init+0x0/0x107 returned 0 after 0 usecs
[    1.328036] calling  init+0x0/0x102 @ 1
[    1.328036] initcall init+0x0/0x102 returned 0 after 0 usecs
[    1.328036] calling  hpet_init+0x0/0x6a @ 1
[    1.328036] initcall hpet_init+0x0/0x6a returned 0 after 0 usecs
[    1.328036] calling  hwrng_modinit+0x0/0x82 @ 1
[    1.328036] initcall hwrng_modinit+0x0/0x82 returned 0 after 0 usecs
[    1.328036] calling  agp_init+0x0/0x2c @ 1
[    1.328036] Linux agpgart interface v0.103
[    1.329122] initcall agp_init+0x0/0x2c returned 0 after 1058 usecs
[    1.329125] calling  agp_amd64_mod_init+0x0/0x26 @ 1
[    1.329162] initcall agp_amd64_mod_init+0x0/0x26 returned -19 after 33 usecs
[    1.329164] calling  agp_intel_init+0x0/0x2f @ 1
[    1.329239] initcall agp_intel_init+0x0/0x2f returned 0 after 70 usecs
[    1.329241] calling  agp_via_init+0x0/0x2f @ 1
[    1.329253] initcall agp_via_init+0x0/0x2f returned 0 after 8 usecs
[    1.329255] calling  init_tis+0x0/0xd7 @ 1
[    1.329269] initcall init_tis+0x0/0xd7 returned 0 after 11 usecs
[    1.329271] calling  crb_acpi_driver_init+0x0/0x17 @ 1
[    1.329283] initcall crb_acpi_driver_init+0x0/0x17 returned 0 after 9 usecs
[    1.329285] calling  cn_proc_init+0x0/0x3b @ 1
[    1.329290] initcall cn_proc_init+0x0/0x3b returned 0 after 2 usecs
[    1.329293] calling  _nvm_misc_init+0x0/0x17 @ 1
[    1.329353] initcall _nvm_misc_init+0x0/0x17 returned 0 after 56 usecs
[    1.329359] calling  topology_sysfs_init+0x0/0x40 @ 1
[    1.329371] initcall topology_sysfs_init+0x0/0x40 returned 0 after 8 usecs
[    1.329373] calling  cacheinfo_sysfs_init+0x0/0x32 @ 1
[    1.329512] initcall cacheinfo_sysfs_init+0x0/0x32 returned 170 after 132 usecs
[    1.329515] calling  devcoredump_init+0x0/0x1e @ 1
[    1.329524] initcall devcoredump_init+0x0/0x1e returned 0 after 6 usecs
[    1.329527] calling  loop_init+0x0/0x16a @ 1
[    1.331625] loop: module loaded
[    1.331974] initcall loop_init+0x0/0x16a returned 0 after 2385 usecs
[    1.331978] calling  xlblk_init+0x0/0xf0 @ 1
[    1.331981] initcall xlblk_init+0x0/0xf0 returned -19 after 0 usecs
[    1.331983] calling  htcpld_core_init+0x0/0x32 @ 1
[    1.332016] initcall htcpld_core_init+0x0/0x32 returned -19 after 29 usecs
[    1.332019] calling  tps65912_i2c_driver_init+0x0/0x19 @ 1
[    1.332027] initcall tps65912_i2c_driver_init+0x0/0x19 returned 0 after 5 usecs
[    1.332030] calling  tps65912_spi_driver_init+0x0/0x19 @ 1
[    1.332048] initcall tps65912_spi_driver_init+0x0/0x19 returned 0 after 15 usecs
[    1.332050] calling  tps68470_driver_init+0x0/0x19 @ 1
[    1.332058] initcall tps68470_driver_init+0x0/0x19 returned 0 after 5 usecs
[    1.332061] calling  twl_driver_init+0x0/0x19 @ 1
[    1.332069] initcall twl_driver_init+0x0/0x19 returned 0 after 4 usecs
[    1.332072] calling  twl4030_audio_driver_init+0x0/0x19 @ 1
[    1.332080] initcall twl4030_audio_driver_init+0x0/0x19 returned 0 after 5 usecs
[    1.332083] calling  twl6040_driver_init+0x0/0x19 @ 1
[    1.332091] initcall twl6040_driver_init+0x0/0x19 returned 0 after 5 usecs
[    1.332093] calling  smsc_i2c_driver_init+0x0/0x19 @ 1
[    1.332101] initcall smsc_i2c_driver_init+0x0/0x19 returned 0 after 5 usecs
[    1.332104] calling  da9063_i2c_driver_init+0x0/0x19 @ 1
[    1.332112] initcall da9063_i2c_driver_init+0x0/0x19 returned 0 after 4 usecs
[    1.332114] calling  max14577_i2c_init+0x0/0x19 @ 1
[    1.332130] initcall max14577_i2c_init+0x0/0x19 returned 0 after 12 usecs
[    1.332133] calling  max77693_i2c_driver_init+0x0/0x19 @ 1
[    1.332148] initcall max77693_i2c_driver_init+0x0/0x19 returned 0 after 12 usecs
[    1.332151] calling  adp5520_driver_init+0x0/0x19 @ 1
[    1.332159] initcall adp5520_driver_init+0x0/0x19 returned 0 after 4 usecs
[    1.332162] calling  intel_soc_pmic_i2c_driver_init+0x0/0x19 @ 1
[    1.332171] initcall intel_soc_pmic_i2c_driver_init+0x0/0x19 returned 0 after 5 usecs
[    1.332173] calling  cht_wc_driver_init+0x0/0x19 @ 1
[    1.332181] initcall cht_wc_driver_init+0x0/0x19 returned 0 after 4 usecs
[    1.332184] calling  e820_pmem_driver_init+0x0/0x19 @ 1
[    1.332193] initcall e820_pmem_driver_init+0x0/0x19 returned 0 after 6 usecs
[    1.332196] calling  init_sd+0x0/0x178 @ 1
[    1.332234] initcall init_sd+0x0/0x178 returned 0 after 34 usecs
[    1.332237] calling  init_sr+0x0/0x48 @ 1
[    1.332254] initcall init_sr+0x0/0x48 returned 0 after 14 usecs
[    1.332257] calling  init_sg+0x0/0x125 @ 1
[    1.332275] initcall init_sg+0x0/0x125 returned 0 after 14 usecs
[    1.332277] calling  piix_init+0x0/0x2e @ 1
[    1.332294] ata_piix 0000:00:01.1: version 2.13
[    1.333292] scsi host0: ata_piix
[    1.333753] scsi host1: ata_piix
[    1.334152] ata1: PATA max UDMA/33 cmd 0x1f0 ctl 0x3f6 bmdma 0xd000 irq 14
[    1.334702] ata2: PATA max UDMA/33 cmd 0x170 ctl 0x376 bmdma 0xd008 irq 15
[    1.335783] initcall piix_init+0x0/0x2e returned 0 after 3416 usecs
[    1.335787] calling  sis_pci_driver_init+0x0/0x20 @ 1
[    1.335815] initcall sis_pci_driver_init+0x0/0x20 returned 0 after 23 usecs
[    1.335818] calling  ata_generic_pci_driver_init+0x0/0x20 @ 1
[    1.335841] initcall ata_generic_pci_driver_init+0x0/0x20 returned 0 after 19 usecs
[    1.335845] calling  net_olddevs_init+0x0/0x67 @ 1
[    1.335854] initcall net_olddevs_init+0x0/0x67 returned 0 after 6 usecs
[    1.335857] calling  fixed_mdio_bus_init+0x0/0xf5 @ 1
[    1.335935] libphy: Fixed MDIO Bus: probed
[    1.336290] initcall fixed_mdio_bus_init+0x0/0xf5 returned 0 after 418 usecs
[    1.336293] calling  tun_init+0x0/0xa4 @ 1
[    1.336294] tun: Universal TUN/TAP device driver, 1.6
[    1.336335] initcall tun_init+0x0/0xa4 returned 0 after 41 usecs
[    1.336335] calling  ppp_init+0x0/0x10c @ 1
[    1.336335] PPP generic driver version 2.4.2
[    1.336335] initcall ppp_init+0x0/0x10c returned 0 after 0 usecs
[    1.336335] calling  netif_init+0x0/0x77 @ 1
[    1.336335] initcall netif_init+0x0/0x77 returned -19 after 0 usecs
[    1.336335] calling  cdrom_init+0x0/0x1e @ 1
[    1.336335] initcall cdrom_init+0x0/0x1e returned 0 after 0 usecs
[    1.336335] calling  dwc2_platform_driver_init+0x0/0x19 @ 1
[    1.336335] initcall dwc2_platform_driver_init+0x0/0x19 returned 0 after 0 usecs
[    1.336335] calling  ehci_hcd_init+0x0/0xc4 @ 1
[    1.336335] ehci_hcd: USB 2.0 'Enhanced' Host Controller (EHCI) Driver
[    1.336335] initcall ehci_hcd_init+0x0/0xc4 returned 0 after 0 usecs
[    1.336335] calling  ehci_pci_init+0x0/0x6c @ 1
[    1.336335] ehci-pci: EHCI PCI platform driver
[    1.336335] initcall ehci_pci_init+0x0/0x6c returned 0 after 0 usecs
[    1.336335] calling  ehci_platform_init+0x0/0x4f @ 1
[    1.336335] ehci-platform: EHCI generic platform driver
[    1.339691] initcall ehci_platform_init+0x0/0x4f returned 0 after 3270 usecs
[    1.339695] calling  ohci_hcd_mod_init+0x0/0x92 @ 1
[    1.339696] ohci_hcd: USB 1.1 'Open' Host Controller (OHCI) Driver
[    1.340272] initcall ohci_hcd_mod_init+0x0/0x92 returned 0 after 560 usecs
[    1.340274] calling  ohci_pci_init+0x0/0x6c @ 1
[    1.340276] ohci-pci: OHCI PCI platform driver
[    1.341399] ohci-pci 0000:00:06.0: OHCI PCI host controller
[    1.341751] ohci-pci 0000:00:06.0: new USB bus registered, assigned bus number 1
[    1.342256] ohci-pci 0000:00:06.0: irq 22, io mem 0xf0804000
[    1.400945] usb usb1: New USB device found, idVendor=1d6b, idProduct=0001
[    1.401434] usb usb1: New USB device strings: Mfr=3, Product=2, SerialNumber=1
[    1.402012] usb usb1: Product: OHCI PCI host controller
[    1.402408] usb usb1: Manufacturer: Linux 4.15.0-36-generic ohci_hcd
[    1.402858] usb usb1: SerialNumber: 0000:00:06.0
[    1.403572] hub 1-0:1.0: USB hub found
[    1.403925] hub 1-0:1.0: 12 ports detected
[    1.404953] initcall ohci_pci_init+0x0/0x6c returned 0 after 63153 usecs
[    1.404958] calling  ohci_platform_init+0x0/0x4f @ 1
[    1.404960] ohci-platform: OHCI generic platform driver
[    1.405387] initcall ohci_platform_init+0x0/0x4f returned 0 after 414 usecs
[    1.405390] calling  uhci_hcd_init+0x0/0x11c @ 1
[    1.405392] uhci_hcd: USB Universal Host Controller Interface driver
[    1.405895] initcall uhci_hcd_init+0x0/0x11c returned 0 after 488 usecs
[    1.405898] calling  xhci_hcd_init+0x0/0x24 @ 1
[    1.405903] initcall xhci_hcd_init+0x0/0x24 returned 0 after 2 usecs
[    1.405905] calling  xhci_pci_init+0x0/0x49 @ 1
[    1.405916] initcall xhci_pci_init+0x0/0x49 returned 0 after 8 usecs
[    1.405918] calling  kgdbdbgp_start_thread+0x0/0x55 @ 1
[    1.405921] initcall kgdbdbgp_start_thread+0x0/0x55 returned 0 after 0 usecs
[    1.405923] calling  ledtrig_usb_init+0x0/0x33 @ 1
[    1.405929] initcall ledtrig_usb_init+0x0/0x33 returned 0 after 3 usecs
[    1.405931] calling  i8042_init+0x0/0x474 @ 1
[    1.405984] i8042: PNP: PS/2 Controller [PNP0303:PS2K,PNP0f03:PS2M] at 0x60,0x64 irq 1,12
[    1.407682] serio: i8042 KBD port at 0x60,0x64 irq 1
[    1.408241] serio: i8042 AUX port at 0x60,0x64 irq 12
[    1.408536] initcall i8042_init+0x0/0x474 returned 0 after 2543 usecs
[    1.408536] calling  mousedev_init+0x0/0x86 @ 1
[    1.408536] mousedev: PS/2 mouse device common for all mice
[    1.408536] initcall mousedev_init+0x0/0x86 returned 0 after 0 usecs
[    1.408536] calling  evdev_init+0x0/0x17 @ 1
[    1.409523] initcall evdev_init+0x0/0x17 returned 0 after 961 usecs
[    1.409526] calling  atkbd_init+0x0/0x2c @ 1
[    1.409554] initcall atkbd_init+0x0/0x2c returned 0 after 25 usecs
[    1.409557] calling  elants_i2c_driver_init+0x0/0x19 @ 1
[    1.409894] input: AT Translated Set 2 keyboard as /devices/platform/i8042/serio0/input/input2
[    1.410812] initcall elants_i2c_driver_init+0x0/0x19 returned 0 after 1221 usecs
[    1.410814] calling  uinput_misc_init+0x0/0x17 @ 1
[    1.410851] initcall uinput_misc_init+0x0/0x17 returned 0 after 33 usecs
[    1.410853] calling  cmos_init+0x0/0x6e @ 1
[    1.411205] rtc_cmos rtc_cmos: rtc core: registered rtc_cmos as rtc0
[    1.411822] rtc_cmos rtc_cmos: alarms up to one day, 114 bytes nvram
[    1.412312] initcall cmos_init+0x0/0x6e returned 0 after 1421 usecs
[    1.412314] calling  i2c_dev_init+0x0/0xbe @ 1
[    1.412315] i2c /dev entries driver
[    1.412666] initcall i2c_dev_init+0x0/0xbe returned 0 after 340 usecs
[    1.412668] calling  amd_mp2_pci_driver_init+0x0/0x5f @ 1
[    1.412670] pcie_mp2_amd: AMD(R) PCI-E MP2 Communication Driver Version: 1.0
[    1.413208] initcall amd_mp2_pci_driver_init+0x0/0x5f returned 0 after 524 usecs
[    1.413211] calling  amd_i2c_plat_driver_init+0x0/0x19 @ 1
[    1.413222] initcall amd_i2c_plat_driver_init+0x0/0x19 returned 0 after 8 usecs
[    1.413225] calling  restart_poweroff_driver_init+0x0/0x19 @ 1
[    1.413243] initcall restart_poweroff_driver_init+0x0/0x19 returned 0 after 15 usecs
[    1.413245] calling  watchdog_gov_noop_register+0x0/0x17 @ 1
[    1.413250] initcall watchdog_gov_noop_register+0x0/0x17 returned 0 after 1 usecs
[    1.413252] calling  dm_init+0x0/0x51 @ 1
[    1.413435] device-mapper: uevent: version 1.0.3
[    1.414130] device-mapper: ioctl: 4.37.0-ioctl (2017-09-20) initialised: dm-devel@redhat.com
[    1.414810] initcall dm_init+0x0/0x51 returned 0 after 1516 usecs
[    1.414814] calling  cpufreq_gov_powersave_init+0x0/0x17 @ 1
[    1.414818] initcall cpufreq_gov_powersave_init+0x0/0x17 returned 0 after 1 usecs
[    1.414820] calling  cpufreq_gov_userspace_init+0x0/0x17 @ 1
[    1.414823] initcall cpufreq_gov_userspace_init+0x0/0x17 returned 0 after 0 usecs
[    1.414825] calling  cpufreq_gov_dbs_init+0x0/0x17 @ 1
